[backblue.gif]
[fade.gif]
[index.html]
[gochiusa.com/af/index.html]
[www.gochiusa.com/core_sys/images/others/ogp.html]
[fonts.googleapis.com/earlyaccess/notosansjp.css]
[gochiusa.com/af/core_sys/images/others/css/sanitized526.css]
[gochiusa.com/af/core_sys/css/common/commond526.css]
[gochiusa.com/af/core_sys/images/main/top/welcomed526.png]
[gochiusa.com/af/core_sys/css/user/userd526.css]
[gochiusa.com/af/core_sys/images/main/top/logod526.png]
[gochiusa.com/af/core_sys/images/main/top/chino.png]
[gochiusa.com/af/core_sys/images/others/css/utilityd526.css]
[gochiusa.com/af/core_sys/images/main/top/cocoa.png]
[gochiusa.com/af/core_sys/images/main/top/rize.png]
[gochiusa.com/af/core_sys/images/main/top/comment_happine.png]
[gochiusa.com/af/core_sys/images/main/top/comment_mistral.png]
[gochiusa.com/af/core_sys/images/main/top/comment_diva.png]
[platform.twitter.com/widgets.js]
[gochiusa.com/af/core_sys/css/dez_pt/top/001/base_aread526.css]
[gochiusa.com/af/story/index.html]
[gochiusa.com/af/core_sys/images/main/common/button_story.png]
[gochiusa.com/af/core_sys/images/main/common/button_unit.png]
[gochiusa.com/af/unit/index.html]
[gochiusa.com/af/movie/index.html]
[ajax.googleapis.com/ajax/libs/jquery/3.2.1/jquery.min.js]
[gochiusa.com/af/core_sys/images/main/common/button_movie.png]
[gochiusa.com/af/core_sys/images/main/top/opening_bg.jpg]
[gochiusa.com/af/core_sys/images/others/audio/index.html]
[gochiusa.com/af/core_sys/images/main/top/bg.jpg]
[gochiusa.com/af/core_sys/images/main/top/logo_bg.png]
[gochiusa.com/af/core_sys/images/main/top/twitter_bg.png]
[gochiusa.com/af/core_sys/css/dez_pt/contents/003/base_area.css]
[gochiusa.com/af/core_sys/images/main/cont/story_head.jpg]
[gochiusa.com/af/core_sys/images/main/cont/story_text.png]
[gochiusa.com/af/core_sys/images/main/common/button_produce.png]
[gochiusa.com/af/core_sys/images/main/cont/bg_story.jpg]
[gochiusa.com/af/core_sys/images/main/common/button_top.png]
[gochiusa.com/af/core_sys/images/main/unit/title_happine.png]
[gochiusa.com/af/core_sys/images/main/unit/title_mistral.png]
[gochiusa.com/af/core_sys/css/dez_pt/contents/002/base_aread526.css]
[gochiusa.com/af/core_sys/images/main/unit/title_diva.png]
[gochiusa.com/af/index-2.html]
[gochiusa.com/af/core_sys/images/main/unit/icon_syaro.png]
[gochiusa.com/af/core_sys/images/main/unit/arrow.png]
[gochiusa.com/af/core_sys/images/main/unit/icon_chiya.png]
[gochiusa.com/af/core_sys/images/main/unit/icon_aoyama.png]
[gochiusa.com/af/core_sys/images/main/unit/icon_maya.png]
[gochiusa.com/af/core_sys/images/main/unit/icon_megu.png]
[gochiusa.com/af/core_sys/images/main/unit/icon_mocha.png]
[gochiusa.com/af/core_sys/images/main/common/rin.png]
[code.createjs.com/createjs-2015.11.26.min.js]
[cdn.rawgit.com/ics-creative/ParticleJS/release/0.1.2/libs/particlejs.min.js]
[gochiusa.com/af/core_sys/images/main/unit/play_btn.png]
[gochiusa.com/af/core_sys/images/main/unit/button_photo.png]
[gochiusa.com/af/core_sys/images/main/unit/wrong_text.png]
[gochiusa.com/af/core_sys/images/main/unit/correct_happine.png]
[gochiusa.com/af/core_sys/images/main/unit/correct_mistral.png]
[gochiusa.com/af/core_sys/images/main/unit/correct_diva.png]
[gochiusa.com/af/core_sys/images/main/unit/bg_correct.jpg]
[gochiusa.com/af/core_sys/images/others/audio/happine.mp3]
[gochiusa.com/af/core_sys/images/others/audio/mistral.mp3]
[gochiusa.com/af/core_sys/images/others/audio/diva.mp3]
[gochiusa.com/af/core_sys/css/dez_pt/contents/001/base_area.css]
[gochiusa.com/af/core_sys/images/main/cont/movie.png]
[www.google-analytics.com/analytics.js]
[gochiusa.com/af/core_sys/images/main/common/bg2.jpg]
[gochiusa.com/af/core_sys/images/main/unit/board.png]
