[gochiusa.com/af/index.html]
[backblue.gif]
[fade.gif]
[index.html]
[gochiusa.com/af/core_sys/images/main/af2020/css/sanitize.css]
[gochiusa.com/af/core_sys/images/main/af2020/css/foundation.css]
[cdnjs.cloudflare.com/ajax/libs/Swiper/4.5.1/css/swiper.css]
[cdnjs.cloudflare.com/ajax/libs/magnific-popup.js/1.1.0/magnific-popup.css]
[gochiusa.com/af/core_sys/css/dez_pt/top/001/base_area.css]
[gochiusa.com/af/core_sys/images/main/af2020/css/utility.min.css]
[gochiusa.com/af/core_sys/images/main/af2020/nav_title.png]
[gochiusa.com/af/core_sys/images/main/af2020/nav_story.png]
[gochiusa.com/af/core_sys/images/main/af2020/nav_home.png]
[gochiusa.com/af/core_sys/images/main/af2020/nav_cd.png]
[gochiusa.com/af/core_sys/images/main/af2020/top_chara.png]
[gochiusa.com/af/core_sys/images/main/af2020/logo.png]
[platform.twitter.com/widgets.js]
[gochiusa.com/af/core_sys/images/main/af2020/story_text.png]
[gochiusa.com/af/core_sys/images/main/af2020/start.png]
[gochiusa.com/af/core_sys/images/main/af2020/place_0.jpg]
[gochiusa.com/af/core_sys/images/main/af2020/cd.png]
[gochiusa.com/af/core_sys/images/main/af2020/place_1.jpg]
[gochiusa.com/af/core_sys/images/main/af2020/place_2.jpg]
[gochiusa.com/af/core_sys/images/main/af2020/place_3.jpg]
[gochiusa.com/af/core_sys/images/main/af2020/place_4.jpg]
[gochiusa.com/af/core_sys/images/main/af2020/place_5.jpg]
[gochiusa.com/af/core_sys/images/main/af2020/place_6.jpg]
[gochiusa.com/af/core_sys/images/main/af2020/cocoa.png]
[gochiusa.com/af/core_sys/images/main/af2020/chino.png]
[gochiusa.com/af/core_sys/images/main/af2020/rize.png]
[gochiusa.com/af/core_sys/images/main/af2020/chiya.png]
[gochiusa.com/af/core_sys/images/main/af2020/syaro.png]
[gochiusa.com/af/core_sys/images/main/af2020/maya.png]
[gochiusa.com/af/core_sys/images/main/af2020/megu.png]
[gochiusa.com/af/core_sys/images/main/af2020/cocoa_special.png]
[gochiusa.com/af/core_sys/images/main/af2020/cocoa_special_2.png]
[gochiusa.com/af/core_sys/images/main/af2020/hint.png]
[gochiusa.com/af/core_sys/images/main/af2020/cocoa_password.png]
[gochiusa.com/af/core_sys/images/main/af2020/note.png]
[gochiusa.com/af/core_sys/images/main/af2020/share_line.svg]
[ajax.googleapis.com/ajax/libs/jquery/3.3.1/jquery.min.js]
[cdnjs.cloudflare.com/ajax/libs/Swiper/4.5.1/js/swiper.min.js]
[cdnjs.cloudflare.com/ajax/libs/magnific-popup.js/1.1.0/jquery.magnific-popup.min.js]
[gochiusa.com/af/index.html]
[gochiusa.com/af/core_sys/images/main/af2020/css/sanitize.css]
[gochiusa.com/af/core_sys/images/main/af2020/css/foundation.css]
[cdnjs.cloudflare.com/ajax/libs/Swiper/4.5.1/css/swiper.css]
[cdnjs.cloudflare.com/ajax/libs/magnific-popup.js/1.1.0/magnific-popup.css]
[gochiusa.com/af/core_sys/images/main/af2020/js/mav.min.html]
[gochiusa.com/af/core_sys/images/main/af2020/get_cd.png]
[gochiusa.com/af/core_sys/images/main/af2020/kirakira.png]
[gochiusa.com/af/core_sys/images/main/af2020/tippy.png]
[gochiusa.com/af/core_sys/images/main/af2020/top_bg.png]
[gochiusa.com/af/core_sys/images/main/af2020/story_bg.png]
[gochiusa.com/af/core_sys/images/main/af2020/city.png]
[gochiusa.com/af/core_sys/images/main/af2020/note_black.png]
[gochiusa.com/af/core_sys/images/main/af2020/player_play.png]
[gochiusa.com/af/core_sys/images/main/af2020/player_pause.png]
[gochiusa.com/af/core_sys/css/dez_pt/top/001/base_area.css]
[gochiusa.com/af/core_sys/images/main/af2020/css/utility.min.css]
[gochiusa.com/af/core_sys/images/main/af2020/share_twitter.svg]
[gochiusa.com/af/core_sys/images/main/af2020/share_facebook.svg]
[gochiusa.com/af/core_sys/images/main/af2020/share_line.svg]
[gochiusa.com/af/core_sys/images/main/af2020/js/mav.min.html]
[gochiusa.com/af/core_sys/images/main/af2020/js/$1.html]
