[gochiusa.com/af/index.html]
[backblue.gif]
[fade.gif]
[index.html]
[gochiusa.com/af/core_sys/images/sys/manifest.json]
[cdn.jsdelivr.net/npm/yakuhanjp@3.3.1/dist/css/yakuhanjp_s.min.css]
[gochiusa.com/af/core_sys/images/others/css/sanitize.css]
[gochiusa.com/af/core_sys/images/others/css/magnific-popup-edited.css]
[gochiusa.com/af/core_sys/js/common.js]
[gochiusa.com/af/core_sys/images/others/css/coreblo_reset.css]
[gochiusa.com/af/core_sys/images/others/css/utility.css]
[gochiusa.com/af/core_sys/images/others/js/howler.min.js]
[gochiusa.com/af/core_sys/images/others/js/modernizr-custom.js]
[gochiusa.com/af/core_sys/images/others/js/april2023.js]
[gochiusa.com/af/core_sys/images/others/js/dialog.js]
[gochiusa.com/af/core_sys/images/main/common/logo.png]
[gochiusa.com/af/core_sys/images/main/op/tippy01.png]
[gochiusa.com/af/core_sys/images/main/op/tippy02.png]
[gochiusa.com/af/index.html]
[gochiusa.com/af/core_sys/images/others/favicon/favicon.html]
[gochiusa.com/af/core_sys/images/others/favicon/apple-touch-icon-57x57.html]
[gochiusa.com/af/core_sys/images/others/favicon/apple-touch-icon-60x60.html]
[gochiusa.com/af/core_sys/images/others/favicon/apple-touch-icon-72x72.html]
[gochiusa.com/af/core_sys/images/others/favicon/apple-touch-icon-76x76.html]
[gochiusa.com/af/core_sys/images/others/favicon/apple-touch-icon-114x114.html]
[gochiusa.com/af/core_sys/images/others/favicon/apple-touch-icon-120x120.html]
[gochiusa.com/af/core_sys/images/others/favicon/apple-touch-icon-144x144.html]
[gochiusa.com/af/core_sys/images/others/favicon/apple-touch-icon-180x180.html]
[gochiusa.com/af/core_sys/images/others/favicon/apple-touch-icon.html]
[gochiusa.com/af/core_sys/images/others/favicon/android-chrome-36x36.html]
[gochiusa.com/af/core_sys/images/others/favicon/android-chrome-48x48.html]
[gochiusa.com/af/core_sys/images/others/favicon/android-chrome-72x72.html]
[gochiusa.com/af/core_sys/images/others/favicon/android-chrome-96x96.html]
[gochiusa.com/af/core_sys/images/others/favicon/android-chrome-128x128.html]
[gochiusa.com/af/core_sys/images/others/favicon/android-chrome-144x144.html]
[gochiusa.com/af/core_sys/images/others/favicon/android-chrome-152x152.html]
[gochiusa.com/af/core_sys/images/others/favicon/android-chrome-256x256.html]
[gochiusa.com/af/core_sys/images/others/favicon/android-chrome-384x384.html]
[gochiusa.com/af/core_sys/images/others/favicon/android-chrome-512x512.html]
[cdn.jsdelivr.net/npm/yakuhanjp@3.3.1/dist/css/yakuhanjp_s.min.css]
[gochiusa.com/af/core_sys/images/others/css/sanitize.css]
[gochiusa.com/af/core_sys/images/others/css/magnific-popup-edited.css]
[gochiusa.com/af/core_sys/css/common/common.css]
[gochiusa.com/af/core_sys/css/common/float_fix.css]
[gochiusa.com/af/core_sys/css/user/user.css]
[gochiusa.com/af/core_sys/css/import/top/001/set.css]
[gochiusa.com/af/core_sys/css/dez_pt/top/001/base_area.css]
[gochiusa.com/af/core_sys/css/import/top/001/dez_pt.css]
[gochiusa.com/af/core_sys/css/import/top/001/unit.css]
[gochiusa.com/af/core_sys/css/fsc/fss.css]
[gochiusa.com/af/core_sys/css/fsc/fsm.css]
[gochiusa.com/af/core_sys/css/fsc/fsl.css]
[gochiusa.com/af/core_sys/js/common.js]
[gochiusa.com/af/core_sys/js/user.js]
[gochiusa.com/af/core_sys/images/others/css/coreblo_reset.css]
[gochiusa.com/af/core_sys/images/others/css/utility.css]
[gochiusa.com/af/core_sys/images/others/js/howler.min.js]
[gochiusa.com/af/core_sys/images/others/js/modernizr-custom.js]
[gochiusa.com/af/core_sys/images/main/start/chino.png]
[gochiusa.com/af/core_sys/images/main/start/cocoa.png]
[gochiusa.com/af/core_sys/images/main/start/text.png]
[gochiusa.com/af/core_sys/images/main/start/clock.png]
[gochiusa.com/af/core_sys/images/main/start/tippy.png]
[gochiusa.com/af/core_sys/images/main/start/logo.png]
[gochiusa.com/af/core_sys/images/main/game/passenger/tippy.png]
[gochiusa.com/af/core_sys/images/main/present/thumb/typeA.jpg]
[gochiusa.com/af/core_sys/images/others/js/april2023.js]
[gochiusa.com/af/core_sys/images/others/js/dialog.js]
[gochiusa.com/af/core_sys/css/common/common.css]
[gochiusa.com/af/core_sys/css/common/font.css]
[gochiusa.com/af/core_sys/css/common/float_fix.css]
[gochiusa.com/af/core_sys/css/user/user.css]
[gochiusa.com/af/core_sys/css/style_parts/style_parts.css]
[gochiusa.com/af/core_sys/css/import/common/style_parts.css]
[gochiusa.com/af/core_sys/images/main/start/bg.webp]
[gochiusa.com/af/core_sys/images/main/start/bg.jpg]
[gochiusa.com/af/core_sys/images/main/start/bg1_sp.webp]
[gochiusa.com/af/core_sys/images/main/start/bg2_sp.webp]
[gochiusa.com/af/core_sys/images/main/start/bg1_sp.png]
[gochiusa.com/af/core_sys/images/main/game/bg.webp]
[gochiusa.com/af/core_sys/images/main/game/bg.jpg]
[gochiusa.com/af/core_sys/images/main/stamp/bg.webp]
[gochiusa.com/af/core_sys/images/main/stamp/bg.jpg]
[gochiusa.com/af/core_sys/images/main/ending/info/bg.webp]
[gochiusa.com/af/core_sys/images/main/ending/info/bg.jpg]
[gochiusa.com/af/core_sys/images/main/common/bg.jpg]
[gochiusa.com/af/core_sys/images/main/op/kippu.png]
[gochiusa.com/af/core_sys/images/main/start/icon_train.png]
[gochiusa.com/af/core_sys/images/main/start/icon_stamp.png]
[gochiusa.com/af/core_sys/images/main/game/icon_back.webp]
[gochiusa.com/af/core_sys/images/main/game/icon_back.png]
[gochiusa.com/af/core_sys/images/main/game/map.webp]
[gochiusa.com/af/core_sys/images/main/game/map.png]
[gochiusa.com/af/core_sys/images/main/game/incorrect.png]
[gochiusa.com/af/core_sys/images/main/game/correct.png]
[gochiusa.com/af/core_sys/images/main/game/thanks.png]
[gochiusa.com/af/core_sys/images/main/ending/bg.webp]
[gochiusa.com/af/core_sys/images/main/ending/bg.jpg]
[gochiusa.com/af/core_sys/images/main/ending/info/icon_stamp.png]
[gochiusa.com/af/core_sys/images/main/ending/info/icon_back.png]
[gochiusa.com/af/core_sys/images/main/stamp/icon_correct.webp]
[gochiusa.com/af/core_sys/images/main/stamp/icon.webp]
[gochiusa.com/af/core_sys/images/main/stamp/icon.png]
[gochiusa.com/af/core_sys/css/dez_pt/top/001/base_area.css]
[gochiusa.com/af/core_sys/css/dez_pt/top/001/sub_area.css]
[gochiusa.com/af/core_sys/css/dez_pt/common/1c.css]
[gochiusa.com/af/core_sys/css/usa/usa_002.css]
[gochiusa.com/af/core_sys/css/ptu/cw.css]
[gochiusa.com/af/core_sys/images/style_parts/bg/common/dot1_bk.gif]
[gochiusa.com/af/core_sys/images/style_parts/bg/common/dot1_gl01.gif]
[gochiusa.com/af/core_sys/images/style_parts/bg/common/dot1_gl02.gif]
[gochiusa.com/af/core_sys/images/style_parts/bg/common/dot1_wh.gif]
[gochiusa.com/af/core_sys/images/style_parts/bg/common/dot2_bk.gif]
[gochiusa.com/af/core_sys/images/style_parts/bg/common/dot2_gl01.gif]
[gochiusa.com/af/core_sys/images/style_parts/bg/common/dot2_gl02.gif]
[gochiusa.com/af/core_sys/images/style_parts/bg/common/dot2_wh.gif]
[gochiusa.com/af/core_sys/images/style_parts/bg/common/r10_wh.gif]
[gochiusa.com/af/core_sys/images/style_parts/bg/common/r5_wh.gif]
[gochiusa.com/af/core_sys/images/style_parts/ico/arrow/ar01_gl01.gif]
[gochiusa.com/af/core_sys/images/style_parts/ico/arrow/ar01_gl02.gif]
[gochiusa.com/af/core_sys/images/style_parts/ico/arrow/ar01_bk.gif]
[gochiusa.com/af/core_sys/images/style_parts/ico/arrow/ar01_or01.gif]
[gochiusa.com/af/core_sys/images/style_parts/ico/arrow/ar01_or02.gif]
[gochiusa.com/af/core_sys/images/style_parts/ico/arrow/ar01_re01.gif]
[gochiusa.com/af/core_sys/images/style_parts/ico/arrow/ar01_pp01.gif]
[gochiusa.com/af/core_sys/images/style_parts/ico/arrow/ar01_bl01.gif]
[gochiusa.com/af/core_sys/images/style_parts/ico/arrow/ar01_bl02.gif]
[gochiusa.com/af/core_sys/images/style_parts/ico/arrow/ar01_gr01.gif]
[gochiusa.com/af/core_sys/images/style_parts/ico/arrow/ar01_gr02.gif]
[gochiusa.com/af/core_sys/images/style_parts/ico/arrow/ar01_kh01.gif]
[gochiusa.com/af/core_sys/images/style_parts/ico/arrow/ar01_en01.gif]
[gochiusa.com/af/core_sys/images/style_parts/ico/arrow/ar01_bg01.gif]
[gochiusa.com/af/core_sys/images/style_parts/ico/arrow/ar01_bg02.gif]
[gochiusa.com/af/core_sys/images/style_parts/ico/arrow/ar01_sm01.gif]
[gochiusa.com/af/core_sys/images/style_parts/ico/arrow/ar02_gl01.gif]
[gochiusa.com/af/core_sys/images/style_parts/ico/arrow/ar02_gl02.gif]
[gochiusa.com/af/core_sys/images/style_parts/ico/arrow/ar02_bk.gif]
[gochiusa.com/af/core_sys/images/style_parts/ico/arrow/ar02_or01.gif]
[gochiusa.com/af/core_sys/images/style_parts/ico/arrow/ar02_or02.gif]
[gochiusa.com/af/core_sys/images/style_parts/ico/arrow/ar02_re01.gif]
[gochiusa.com/af/core_sys/images/style_parts/ico/arrow/ar02_pp01.gif]
[gochiusa.com/af/core_sys/images/style_parts/ico/arrow/ar02_bl01.gif]
[gochiusa.com/af/core_sys/images/style_parts/ico/arrow/ar02_bl02.gif]
[gochiusa.com/af/core_sys/images/style_parts/ico/arrow/ar02_gr01.gif]
[gochiusa.com/af/core_sys/images/style_parts/ico/arrow/ar02_gr02.gif]
[gochiusa.com/af/core_sys/images/style_parts/ico/arrow/ar02_kh01.gif]
[gochiusa.com/af/core_sys/images/style_parts/ico/arrow/ar02_en01.gif]
[gochiusa.com/af/core_sys/images/style_parts/ico/arrow/ar02_bg01.gif]
[gochiusa.com/af/core_sys/images/style_parts/ico/arrow/ar02_bg02.gif]
[gochiusa.com/af/core_sys/images/style_parts/ico/arrow/ar02_sm01.gif]
[gochiusa.com/af/core_sys/images/style_parts/bg/ti/grd01_bk.gif]
[gochiusa.com/af/core_sys/images/style_parts/bg/ti/grd01_gl.gif]
[gochiusa.com/af/core_sys/images/style_parts/bg/ti/grd01_bl.gif]
[gochiusa.com/af/core_sys/images/style_parts/bg/ti/grd01_gr.gif]
[gochiusa.com/af/core_sys/images/style_parts/bg/ti/grd01_or.gif]
[gochiusa.com/af/core_sys/images/style_parts/bg/ti/grd01_kh.gif]
[gochiusa.com/af/core_sys/images/style_parts/bg/ti/grd01_bg.gif]
[gochiusa.com/af/core_sys/images/style_parts/bg/ti/grd02_bk.gif]
[gochiusa.com/af/core_sys/images/style_parts/bg/ti/grd02_gl.gif]
[gochiusa.com/af/core_sys/images/style_parts/bg/ti/grd02_bl.gif]
[gochiusa.com/af/core_sys/images/style_parts/bg/ti/grd02_gr.gif]
[gochiusa.com/af/core_sys/images/style_parts/bg/ti/grd02_or.gif]
[gochiusa.com/af/core_sys/images/style_parts/bg/ti/grd02_kh.gif]
[gochiusa.com/af/core_sys/images/style_parts/bg/ti/grd02_bg.gif]
[gochiusa.com/af/core_sys/images/style_parts/bg/ti/grd03_gl.gif]
[gochiusa.com/af/core_sys/images/style_parts/bg/ti/grd03_bl.gif]
[gochiusa.com/af/core_sys/images/style_parts/bg/ti/grd03_gr.gif]
[gochiusa.com/af/core_sys/images/style_parts/bg/ti/grd03_or.gif]
[gochiusa.com/af/core_sys/images/style_parts/bg/ti/grd03_kh.gif]
[gochiusa.com/af/core_sys/images/style_parts/bg/ti/grd03_bg.gif]
[gochiusa.com/af/core_sys/images/style_parts/bg/ti/grd04_gl.gif]
[gochiusa.com/af/core_sys/images/style_parts/bg/ti/grd04_bl.gif]
[gochiusa.com/af/core_sys/images/style_parts/bg/ti/grd04_gr.gif]
[gochiusa.com/af/core_sys/images/style_parts/bg/ti/grd04_or.gif]
[gochiusa.com/af/core_sys/images/style_parts/bg/ti/grd04_kh.gif]
[gochiusa.com/af/core_sys/images/style_parts/bg/ti/grd04_bg.gif]
[gochiusa.com/af/core_sys/css/style_parts/style_parts.css]
[gochiusa.com/af/core_sys/images/main/start/bg2_sp.html]
