[backblue.gif]
[fade.gif]
[index.html]
[gochiusa.com/af/core_sys/js/common.js]
[gochiusa.com/af/core_sys/js/user.js]
[ajax.googleapis.com/ajax/libs/jquery/1.11.2/jquery.min.js]
[connect.facebook.net/ja_JP/all.js]
[gochiusa.com/af/core_sys/images/main/story_img.png]
[gochiusa.com/af/core_sys/images/main/close_bt.png]
[gochiusa.com/af/core_sys/images/main/chino.png]
[gochiusa.com/af/core_sys/images/main/mas1.png]
[gochiusa.com/af/core_sys/images/main/mas2.png]
[gochiusa.com/af/core_sys/images/main/serif.png]
[gochiusa.com/af/core_sys/images/main/logo.png]
[gochiusa.com/af/core_sys/images/main/gnavi_off.png]
[gochiusa.com/af/core_sys/images/main/gnavi_on.png]
[gochiusa.com/af/core_sys/images/main/gnavi.png]
[twitter.com/intent/followe39d.html]
[gochiusa.com/af/core_sys/images/main/twitter_ti.png]
[platform.twitter.com/widgets.js]
[twitter.com/usagi_anime0276.html]
[twitter.com/share.190276.delayed]
[twitter.com/intent/tweet12bc.html]
[gochiusa.com/af/core_sys/images/others/se/gd.mp3]
[gochiusa.com/af/core_sys/images/others/se/gbg02.mp3]
[www.google-analytics.com/analytics.js]
[www.googleadservices.com/pagead/f.txt]
[gochiusa.com/af/index.html]
[www.w3.org/1999/xhtml/index.html]
[www.w3.org/1999/xhtml/index.html]
[gochiusa.com/af/core_sys/css/common/common.css]
[gochiusa.com/af/core_sys/css/common/font.css]
[gochiusa.com/af/core_sys/css/common/float_fix.css]
[gochiusa.com/af/core_sys/css/user/user.css]
[gochiusa.com/af/core_sys/css/import/top/001/set.css]
[gochiusa.com/af/core_sys/css/dez_pt/top/001/base_area.css]
[gochiusa.com/af/core_sys/css/dez_pt/top/001/sub_area.css]
[gochiusa.com/af/core_sys/css/import/top/001/dez_pt.css]
[gochiusa.com/af/core_sys/css/import/top/001/unit.css]
[gochiusa.com/af/core_sys/css/fsc/fss.css]
[gochiusa.com/af/core_sys/css/fsc/fsm.css]
[gochiusa.com/af/core_sys/css/fsc/fsl.css]
[connect.facebook.net/ja_JP/all.js]
[abs.twimg.com/a/1586972750/css/tfw/intents_rosetta.bundle.css]
[twitter.com/home.2f.delayed]
[twitter.com/logined2d.html]
[twitter.com/signup9981.html]
[pbs.twimg.com/profile_images/1248626808418783233/RmD3gLkn_200x200.jpg]
[twitter.com/usagi_anime.html]
[twitter.com/hashtag/gochiusa805d.html]
[twitter.com/usagi_anime/followers.35.delayed]
[twitter.com/login524a.html]
[twitter.com/intent/user749c.html]
[pbs.twimg.com/profile_images/1033686408471298049/U_swNmV0_normal.jpg]
[twitter.com/intent/user6b9c.html]
[pbs.twimg.com/profile_images/882968491036254208/tx7ja3Oo_normal.jpg]
[twitter.com/intent/user1711.html]
[pbs.twimg.com/profile_images/1249562081159835648/XT0_IvyN_normal.png]
[twitter.com/intent/user0667.html]
[pbs.twimg.com/profile_images/1248828219064643585/xtQGxrpz_normal.jpg]
[twitter.com/intent/user5654.html]
[pbs.twimg.com/profile_images/1250095145208303617/cWIrlfGT_normal.jpg]
[twitter.com/usagi_anime/following.41.delayed]
[twitter.com/login4510.html]
[twitter.com/intent/user698a.html]
[pbs.twimg.com/profile_images/1219176070001258497/n_Aegbdf_normal.png]
[twitter.com/intent/user1538.html]
[pbs.twimg.com/profile_images/1193799305061994498/ETKdKW_5_normal.jpg]
[twitter.com/intent/userf220.html]
[pbs.twimg.com/profile_images/1184518409062473728/QvyI_BEc_normal.jpg]
[twitter.com/intent/userc8b1.html]
[pbs.twimg.com/profile_images/1189373877408788480/Ipf8BvGb_normal.jpg]
[twitter.com/intent/userd17c.html]
[pbs.twimg.com/profile_images/1091173609756737536/Z0WtAX22_normal.jpg]
[twitter.com/account/begin_password_reset.html]
[twitter.com/i/js_inst3fb2]
[abs.twimg.com/a/1586972750/tfw/loadrunner.js]
[twitter.com/intent/followe39d.html]
[abs.twimg.com/a/1586972750/css/t1/twitter_core.bundle.css]
[abs.twimg.com/a/1586972750/css/t1/twitter_more_1.bundle.css]
[abs.twimg.com/a/1586972750/css/t1/twitter_more_2.bundle.css]
[abs.twimg.com/k/en/init.en.420a50bcb6ba1079d653.js]
[abs.twimg.com/k/en/0.commons.en.06a750caea28350212ee.js]
[abs.twimg.com/k/en/3.pages_profile.en.ea0de5847c47838f390c.js]
[abs.twimg.com/icons/apple-touch-icon-192x192.png]
[twitter.com/json.json]
[twitter.com/usagi_anime3c47.html]
[twitter.com/usagi_anime0f8f.html]
[twitter.com/usagi_animecd86.html]
[twitter.com/usagi_animee342.html]
[twitter.com/usagi_anime4ba7.html]
[twitter.com/usagi_animeb583.html]
[twitter.com/usagi_animeb258.html]
[twitter.com/usagi_anime9fe4.html]
[twitter.com/usagi_animeb9f0.html]
[twitter.com/usagi_animee83c.html]
[twitter.com/usagi_anime7a34.html]
[twitter.com/usagi_anime652b.html]
[twitter.com/usagi_anime0254.html]
[twitter.com/usagi_anime108b.html]
[twitter.com/usagi_anime00d0.html]
[twitter.com/usagi_animef950.html]
[twitter.com/usagi_anime51a5.html]
[twitter.com/usagi_animea8de.html]
[twitter.com/usagi_animec755.html]
[twitter.com/usagi_anime6b8a.html]
[twitter.com/usagi_animefaa2.html]
[twitter.com/usagi_animec054.html]
[twitter.com/usagi_anime8d3f.html]
[twitter.com/usagi_anime5886.html]
[twitter.com/usagi_anime0bca.html]
[twitter.com/usagi_animedbf3.html]
[twitter.com/usagi_anime93bd.html]
[twitter.com/usagi_anime1e48.html]
[twitter.com/usagi_anime93ab.html]
[twitter.com/usagi_anime9dcc.html]
[twitter.com/usagi_animed821.html]
[twitter.com/usagi_animeb935.html]
[twitter.com/usagi_anime4bd7.html]
[twitter.com/usagi_animef4d7.html]
[twitter.com/usagi_anime5d83.html]
[twitter.com/usagi_anime8b7c.html]
[twitter.com/usagi_animee13c.html]
[twitter.com/usagi_anime262a.html]
[twitter.com/usagi_animeafdc.html]
[twitter.com/usagi_anime056a.html]
[twitter.com/usagi_anime20b5.html]
[twitter.com/usagi_anime4409.html]
[twitter.com/usagi_anime26d7.html]
[twitter.com/usagi_anime9b88.html]
[twitter.com/usagi_animee310.html]
[twitter.com/usagi_anime5e8a.html]
[twitter.com/usagi_anime8aec.html]
[twitter.com/android-app_/com.twitter.android/twitter/user.87cd51.delayed]
[twitter.com/opensearch.xml]
[twitter.com/index.html]
[twitter.com/usagi_anime9bb4.html]
[twitter.com/usagi_anime31cf.html]
[twitter.com/usagi_animea35d.html]
[twitter.com/usagi_anime7b3f.html]
[twitter.com/usagi_animec423.html]
[twitter.com/usagi_anime3322.html]
[twitter.com/usagi_anime62b1.html]
[twitter.com/usagi_animec69a.html]
[twitter.com/usagi_anime02d7.html]
[twitter.com/usagi_animee68f.html]
[twitter.com/usagi_anime1ebe.html]
[twitter.com/usagi_animecf53.html]
[twitter.com/usagi_animea30c.html]
[twitter.com/usagi_animecdb1.html]
[twitter.com/usagi_anime99a6.html]
[twitter.com/usagi_anime6bf8.html]
[twitter.com/usagi_anime923c.html]
[twitter.com/usagi_anime0b5e.html]
[twitter.com/usagi_anime08c7.html]
[twitter.com/usagi_anime5720.html]
[twitter.com/usagi_anime9e93.html]
[twitter.com/usagi_animee034.html]
[twitter.com/usagi_anime2296.html]
[twitter.com/usagi_anime4bed.html]
[twitter.com/usagi_anime1f03.html]
[twitter.com/usagi_anime2139.html]
[twitter.com/usagi_anime6e27.html]
[twitter.com/usagi_anime9277.html]
[twitter.com/usagi_anime64f4.html]
[twitter.com/usagi_animed6cc.html]
[twitter.com/usagi_animee6ac.html]
[twitter.com/usagi_animec203.html]
[twitter.com/usagi_animeef8e.html]
[twitter.com/usagi_animebbc9.html]
[twitter.com/usagi_anime7d5b.html]
[twitter.com/usagi_anime880d.html]
[twitter.com/usagi_anime21c9.html]
[twitter.com/usagi_animecc5a.html]
[twitter.com/usagi_anime7542.html]
[twitter.com/usagi_animec9e6.html]
[twitter.com/usagi_anime759b.html]
[twitter.com/usagi_anime9212.html]
[twitter.com/login.html]
[twitter.com/signup.html]
[pbs.twimg.com/profile_images/1248626808418783233/RmD3gLkn_400x400.jpg]
[pbs.twimg.com/profile_images/1248626808418783233/RmD3gLkn.jpg]
[pbs.twimg.com/profile_images/1248626808418783233/RmD3gLkn_normal.jpg]
[twitter.com/usagi_anime/media.html]
[twitter.com/usagi_anime/with_replies.bb.delayed]
[pbs.twimg.com/profile_images/1248626808418783233/RmD3gLkn_bigger.jpg]
[twitter.com/login083c.html]
[pbs.twimg.com/media/EVzdbZEVcAItcLD.jpg]
[twitter.com/usagi_anime/status/1251118263506886657.html]
[pbs.twimg.com/media/EVyme9PUEAAuOC0.jpg]
[twitter.com/usagi_anime/status/1251057854993203202.html]
[pbs.twimg.com/media/EVxhy6TU8AIE5xD.jpg]
[twitter.com/usagi_anime/status/1250982328307875840.html]
[pbs.twimg.com/media/EVu9AEqU0AE51xZ.jpg]
[twitter.com/usagi_anime/status/1250801135910182916.html]
[pbs.twimg.com/profile_images/2888601800/a76b992e95ed4add6dba6cb95eb9701a_bigger.png]
[twitter.com/mangatimekirara.html]
[pbs.twimg.com/media/EVuv0VmU4AAJSHq.jpg]
[twitter.com/mangatimekirara/status/1250786648746414081.html]
[pbs.twimg.com/media/EVuv0WiU4AA02P9.jpg]
[pbs.twimg.com/media/EVuvvcbUYAYjjHu.jpg]
[twitter.com/mangatimekirara/status/1250786560825421824.html]
[pbs.twimg.com/media/EVuvvcvU0AA2rzV.jpg]
[pbs.twimg.com/media/EVuvvdqUcAATzOu.jpg]
[pbs.twimg.com/media/EVuvvdtU8AItDY_.jpg]
[twitter.com/'https_.d0.delayed]
[pbs.twimg.com/profile_images/1039470398759260160/1d_tVKjs_bigger.jpg]
[twitter.com/nicoanime_PR.html]
[abs.twimg.com/emoji/v2/72x72/1f338.png]
[abs.twimg.com/emoji/v2/72x72/1f381.png]
[abs.twimg.com/emoji/v2/72x72/2728.png]
[twitter.com/nicoanime_PR/status/1250589726395912193.html]
[abs.twimg.com/emoji/v2/72x72/1f556.png]
[abs.twimg.com/emoji/v2/72x72/203c.png]
[abs.twimg.com/emoji/v2/72x72/25b6.png]
[pbs.twimg.com/media/EVoaDWnU0AQOfHh.jpg]
[twitter.com/hashtag/ネット超会議2020805d.html]
[pbs.twimg.com/media/EVd7ueUUcAAuNzH.jpg]
[twitter.com/usagi_anime/status/1249736604765356033.html]
[pbs.twimg.com/media/EVd7v00U0AA4XWd.jpg]
[pbs.twimg.com/media/EVd7yOuU8AECgmO.jpg]
[pbs.twimg.com/media/EVd70CaU0AASc19.jpg]
[pbs.twimg.com/media/EVd7Vn4U0AAv49s.jpg]
[twitter.com/usagi_anime/status/1249638457997176833.html]
[pbs.twimg.com/media/EVd7YEzUUAUoyGJ.jpg]
[pbs.twimg.com/media/EVd7aQAUYAUcE6T.jpg]
[pbs.twimg.com/media/EVd7cLSUcAEjoor.jpg]
[pbs.twimg.com/media/EVaMkDbUMAIibnr.jpg]
[twitter.com/usagi_anime/status/1249532761930694659.html]
[pbs.twimg.com/profile_images/1248630636950089731/EwAA84JH_bigger.png]
[twitter.com/Anime_ABEMA.html]
[abs.twimg.com/emoji/v2/72x72/1f3e0.png]
[twitter.com/Anime_ABEMA/status/1249472363881590784.html]
[abs.twimg.com/emoji/v2/72x72/2615.png]
[twitter.com/hashtag/喫茶店の日805d.html]
[abs.twimg.com/emoji/v2/72x72/1f430.png]
[abs.twimg.com/emoji/v2/72x72/2764.png]
[pbs.twimg.com/media/EVaMGpKUYAcCS8L.jpg]
[twitter.com/usagi_anime/status/1249457266320785409.html]
[pbs.twimg.com/media/EVaMH4mUUAE50c-.jpg]
[pbs.twimg.com/media/EVaMJGmUwAEqrWo.jpg]
[pbs.twimg.com/media/EVaMKVwUEAEXtkP.jpg]
[pbs.twimg.com/media/EVZR-umVAAEdVyw.jpg]
[twitter.com/usagi_anime/status/1249276089987239939.html]
[pbs.twimg.com/media/EVZR-unU4AEbMrX.jpg]
[pbs.twimg.com/media/EVZR-umUwAEYqBS.jpg]
[pbs.twimg.com/media/EVZR-whUwAAVPfJ.jpg]
[pbs.twimg.com/media/EVXx2HdVAAAOme-.jpg]
[twitter.com/usagi_anime/status/1249170401005101057.html]
[pbs.twimg.com/media/EVXx2HuUYAE76Nf.jpg]
[pbs.twimg.com/media/EVXx2HvUYAAbiOP.jpg]
[pbs.twimg.com/media/EVXx2IJU8AAiuJ5.jpg]
[pbs.twimg.com/media/EVPwKFHUUAALOO8.jpg]
[twitter.com/usagi_anime/status/1248928784042143745.html]
[pbs.twimg.com/media/EVPvd50UcAE6BBU.jpg]
[twitter.com/usagi_anime/status/1248913683058692099.html]
[pbs.twimg.com/media/EVPvkATU8AE7ChW.jpg]
[pbs.twimg.com/media/EVPvpE9U8AA48cE.jpg]
[pbs.twimg.com/media/EVPvs52UEAIQ8wg.jpg]
[twitter.com/Anime_ABEMA/status/1248747589823938560.html]
[abs.twimg.com/emoji/v2/72x72/1f4aa.png]
[twitter.com/hashtag/ガッツポーズの日805d.html]
[abs.twimg.com/emoji/v2/72x72/1f60d.png]
[abs.twimg.com/emoji/v2/72x72/1f60b.png]
[pbs.twimg.com/media/EVPux24UcAEPsQ1.jpg]
[twitter.com/usagi_anime/status/1248732488391933957.html]
[pbs.twimg.com/media/EVPuzZzUEAMlTk1.jpg]
[pbs.twimg.com/media/EVPu2_NUwAAb2wH.jpg]
[pbs.twimg.com/media/EVPu4UoUEAAO0fm.jpg]
[pbs.twimg.com/profile_images/1248626821567885314/yvxRvk_o_bigger.jpg]
[twitter.com/morinaga_angel.html]
[abs.twimg.com/emoji/v2/72x72/2665.png]
[twitter.com/morinaga_angel/status/1248536281069555712.html]
[pbs.twimg.com/media/EVOxIUBU8AAx7z_.jpg]
[pbs.twimg.com/profile_images/1019886461233983488/rIheU2Qr_bigger.jpg]
[twitter.com/aniv_staff.html]
[twitter.com/aniv_staff/status/1248536825188085760.html]
[pbs.twimg.com/media/EVOxl1WU4AIq0mQ.jpg]
[twitter.com/hashtag/あにばーさる805d.html]
[twitter.com/tos.11b.delayed]
[twitter.com/en/tos.html]
[twitter.com/privacy.11d.delayed]
[twitter.com/usagi_anime0276.html]
[twitter.com/en/privacy.html]
[twitter.com/intent/tweet12bc.html]
[www.gochiusa.com/index.html]
[googleads.g.doubleclick.net/pagead/viewthroughconversion/970232987/indexa96a.html]
[twitter.com/signup9dec.html]
[gochiusa.com/af/core_sys/images/sys/alert_ic02.gif]
[gochiusa.com/af/core_sys/images/sys/alert_ic01.gif]
[gochiusa.com/af/core_sys/css/common/common.css]
[gochiusa.com/af/core_sys/css/common/font.css]
[gochiusa.com/af/core_sys/css/common/float_fix.css]
[gochiusa.com/af/core_sys/css/user/user.css]
[gochiusa.com/af/core_sys/css/import/common/style_parts.css]
[gochiusa.com/af/core_sys/css/style_parts/style_parts.css]
[gochiusa.com/af/core_sys/images/main/bg_star.png]
[gochiusa.com/af/core_sys/images/main/bg_stripe.gif]
[gochiusa.com/af/core_sys/images/main/main_bg.png]
[gochiusa.com/af/core_sys/css/dez_pt/top/001/base_area.css]
[gochiusa.com/af/core_sys/images/main/foot_bg.png]
[gochiusa.com/af/core_sys/images/main/head_bg.gif]
[gochiusa.com/af/core_sys/css/dez_pt/top/001/sub_area.css]
[gochiusa.com/af/core_sys/css/dez_pt/common/2c_l.css]
[gochiusa.com/af/core_sys/css/usa/usa_005.css]
[gochiusa.com/af/core_sys/images/main/play_bt_bg.png]
[gochiusa.com/af/core_sys/images/main/play_bt.png]
[gochiusa.com/af/core_sys/images/main/stop_bt.gif]
[gochiusa.com/af/core_sys/css/usa/usa_004.css]
[gochiusa.com/af/core_sys/css/usa/usa_001.css]
[gochiusa.com/af/core_sys/css/usa/usa_002.css]
[gochiusa.com/af/core_sys/css/usa/usa_003.css]
[gochiusa.com/af/core_sys/css/ptu/cw.css]
[gochiusa.com/af/core_sys/css/usa/usa_006.css]
[abs.twimg.com/a/1586972750/img/tfw/rosetta/intents@1x.png]
[abs.twimg.com/a/1586972750/img/tfw/rosetta/spinner@1x.gif]
[abs.twimg.com/a/1586972750/img/tfw/rosetta/intents@2x.png]
[abs.twimg.com/a/1586972750/img/tfw/rosetta/spinner@2x.gif]
[abs.twimg.com/a/1586972750/img/tfw/profile_lock.png]
[abs.twimg.com/a/1586972750/css/tfw/intents_rosetta.bundle.css]
[twitter.com/loginbca4.html]
[twitter.com/login4bf9.html]
[twitter.com/login1dce.html]
[twitter.com/login00c7.html]
[twitter.com/logina1f3.html]
[twitter.com/login04a2.html]
[twitter.com/login542f.html]
[twitter.com/logindba2.html]
[twitter.com/logind20e.html]
[twitter.com/login51cd.html]
[twitter.com/login162f.html]
[twitter.com/login9421.html]
[twitter.com/login8407.html]
[twitter.com/login9e01.html]
[twitter.com/login598f.html]
[twitter.com/login3227.html]
[twitter.com/loginf3fc.html]
[twitter.com/login40c4.html]
[twitter.com/login576d.html]
[twitter.com/logind8d0.html]
[twitter.com/login49d9.html]
[twitter.com/login1bb5.html]
[twitter.com/login610a.html]
[twitter.com/login44f4.html]
[twitter.com/login6ad3.html]
[twitter.com/loginc29b.html]
[twitter.com/login325a.html]
[twitter.com/login4407.html]
[twitter.com/login833e.html]
[twitter.com/login1495.html]
[twitter.com/loginfa4f.html]
[twitter.com/login52fd.html]
[twitter.com/login40bf.html]
[twitter.com/login06dd.html]
[twitter.com/login963c.html]
[twitter.com/login741f.html]
[twitter.com/login4cf4.html]
[twitter.com/login1155.html]
[twitter.com/login0d0c.html]
[twitter.com/logindb6e.html]
[twitter.com/loginf6c8.html]
[twitter.com/login3cf1.html]
[twitter.com/login83cd.html]
[twitter.com/logined86.html]
[twitter.com/login0276.html]
[twitter.com/logincea2.html]
[twitter.com/login70e1.html]
[twitter.com/android-app_/com.twitter.android/twitter/login.1694a4e.delayed]
[twitter.com/login9bb4.html]
[twitter.com/login31cf.html]
[twitter.com/logina35d.html]
[twitter.com/login7b3f.html]
[twitter.com/loginc423.html]
[twitter.com/login3322.html]
[twitter.com/login62b1.html]
[twitter.com/loginc69a.html]
[twitter.com/login02d7.html]
[twitter.com/logine68f.html]
[twitter.com/login1ebe.html]
[twitter.com/logincf53.html]
[twitter.com/logina30c.html]
[twitter.com/logincdb1.html]
[twitter.com/login99a6.html]
[twitter.com/login6bf8.html]
[twitter.com/login923c.html]
[twitter.com/login0b5e.html]
[twitter.com/login08c7.html]
[twitter.com/login5720.html]
[twitter.com/login9e93.html]
[twitter.com/logine034.html]
[twitter.com/login2296.html]
[twitter.com/login4bed.html]
[twitter.com/login1f03.html]
[twitter.com/login2139.html]
[twitter.com/login6e27.html]
[twitter.com/login9277.html]
[twitter.com/login64f4.html]
[twitter.com/logind6cc.html]
[twitter.com/logine6ac.html]
[twitter.com/loginc203.html]
[twitter.com/loginef8e.html]
[twitter.com/loginbbc9.html]
[twitter.com/login7d5b.html]
[twitter.com/login880d.html]
[twitter.com/login21c9.html]
[twitter.com/logincc5a.html]
[twitter.com/login7542.html]
[twitter.com/loginc9e6.html]
[twitter.com/login759b.html]
[twitter.com/login9212.html]
[twitter.com/logined2d.html]
[abs.twimg.com/responsive-web/web/polyfills.bab5fe74.js]
[twitter.com/account/complete.html]
[abs.twimg.com/responsive-web/web/vendors_main.e0482f54.js]
[abs.twimg.com/responsive-web/web/i18n-rweb/en.8644e6e4.js]
[abs.twimg.com/responsive-web/web/i18n-horizon/en.fcbbd314.js]
[abs.twimg.com/responsive-web/web/main.05df7474.js]
[twitter.com/signupea43.html]
[twitter.com/signup5fd8.html]
[twitter.com/signupc76f.html]
[twitter.com/signupbea8.html]
[twitter.com/signup6353.html]
[twitter.com/signupc6c1.html]
[twitter.com/signup495f.html]
[twitter.com/signup8dce.html]
[twitter.com/signup43e4.html]
[twitter.com/signup1348.html]
[twitter.com/signupb7a8.html]
[twitter.com/signupb789.html]
[twitter.com/signup7b26.html]
[twitter.com/signup8f80.html]
[twitter.com/signup62f0.html]
[twitter.com/signupfc25.html]
[twitter.com/signup0efb.html]
[twitter.com/signup500d.html]
[twitter.com/signupe425.html]
[twitter.com/signup17d2.html]
[twitter.com/signupc287.html]
[twitter.com/signup47f0.html]
[twitter.com/signupe78a.html]
[twitter.com/signup1976.html]
[twitter.com/signup0bca.html]
[twitter.com/signup391a.html]
[twitter.com/signup64df.html]
[twitter.com/signup739a.html]
[twitter.com/signupc9cc.html]
[twitter.com/signup42c3.html]
[twitter.com/signup4278.html]
[twitter.com/signup2e9f.html]
[twitter.com/signup7bd5.html]
[twitter.com/signup7ebd.html]
[twitter.com/signup5272.html]
[twitter.com/signup7fba.html]
[twitter.com/signup858d.html]
[twitter.com/signup9b52.html]
[twitter.com/signup4ef0.html]
[twitter.com/signupcc53.html]
[twitter.com/signupd92c.html]
[twitter.com/signup109e.html]
[twitter.com/signup842d.html]
[twitter.com/signup4139.html]
[twitter.com/signupf268.html]
[twitter.com/signup3fc1.html]
[twitter.com/signup828e.html]
[abs.twimg.com/responsive-web/web/icon-ios.8ea219d4.png]
[twitter.com/signup9981.html]
[twitter.com/signup6a31.html]
[twitter.com/usagi_anime9ed2.html]
[twitter.com/usagi_anime99dc.html]
[twitter.com/usagi_animeadd9.html]
[twitter.com/usagi_anime5242.html]
[twitter.com/usagi_animead9c.html]
[twitter.com/usagi_anime.html]
[twitter.com/usagi_anime4240.html]
[abs.twimg.com/k/en/10.pages_search.en.a3ea2e4006f9168b0b78.js]
[twitter.com/hashtag/gochiusa.html]
[twitter.com/hashtag/gochiusa069f.html]
[twitter.com/hashtag/gochiusa8504.html]
[twitter.com/hashtag/gochiusaef5e.html]
[twitter.com/hashtag/gochiusa4aed.html]
[twitter.com/hashtag/gochiusa9569.html]
[twitter.com/hashtag/gochiusa7e11.html]
[twitter.com/hashtag/gochiusa5b39.html]
[twitter.com/hashtag/gochiusa6552.html]
[twitter.com/hashtag/gochiusaa8ea.html]
[twitter.com/hashtag/gochiusafea8.html]
[twitter.com/hashtag/gochiusa2925.html]
[twitter.com/hashtag/gochiusa2a1b.html]
[twitter.com/hashtag/gochiusa4d44.html]
[twitter.com/hashtag/gochiusa7d9b.html]
[twitter.com/hashtag/gochiusa5554.html]
[twitter.com/hashtag/gochiusa9290.html]
[twitter.com/hashtag/gochiusa5be9.html]
[twitter.com/hashtag/gochiusa0063.html]
[twitter.com/hashtag/gochiusa89a3.html]
[twitter.com/hashtag/gochiusa1486.html]
[twitter.com/hashtag/gochiusa3637.html]
[twitter.com/hashtag/gochiusa368c.html]
[twitter.com/hashtag/gochiusad2d3.html]
[twitter.com/hashtag/gochiusa1be1.html]
[twitter.com/hashtag/gochiusa5c67.html]
[twitter.com/hashtag/gochiusa05db.html]
[twitter.com/hashtag/gochiusae219.html]
[twitter.com/hashtag/gochiusaebc8.html]
[twitter.com/hashtag/gochiusae999.html]
[twitter.com/hashtag/gochiusa1d1f.html]
[twitter.com/hashtag/gochiusaf59f.html]
[twitter.com/hashtag/gochiusa0c99.html]
[twitter.com/hashtag/gochiusaee8a.html]
[twitter.com/hashtag/gochiusa844a.html]
[twitter.com/hashtag/gochiusa8305.html]
[twitter.com/hashtag/gochiusa305e.html]
[twitter.com/hashtag/gochiusac52e.html]
[twitter.com/hashtag/gochiusad052.html]
[twitter.com/hashtag/gochiusa07c4.html]
[twitter.com/hashtag/gochiusacc21.html]
[twitter.com/hashtag/gochiusaeb1d.html]
[twitter.com/hashtag/gochiusa6915.html]
[twitter.com/hashtag/gochiusa573a.html]
[twitter.com/hashtag/gochiusa60e8.html]
[twitter.com/hashtag/gochiusa1baa.html]
[twitter.com/hashtag/gochiusa0013.html]
[twitter.com/hashtag/gochiusa72f0.html]
[twitter.com/hashtag/android-app_/com.twitter.android/twitter/hashtag/gochiusa.20600b5.delayed]
[twitter.com/hashtag/gochiusa9bb4.html]
[twitter.com/hashtag/gochiusa31cf.html]
[twitter.com/hashtag/gochiusaa35d.html]
[twitter.com/hashtag/gochiusa7b3f.html]
[twitter.com/hashtag/gochiusac423.html]
[twitter.com/hashtag/gochiusa3322.html]
[twitter.com/hashtag/gochiusa62b1.html]
[twitter.com/hashtag/gochiusac69a.html]
[twitter.com/hashtag/gochiusa02d7.html]
[twitter.com/hashtag/gochiusae68f.html]
[twitter.com/hashtag/gochiusa1ebe.html]
[twitter.com/hashtag/gochiusacf53.html]
[twitter.com/hashtag/gochiusaa30c.html]
[twitter.com/hashtag/gochiusacdb1.html]
[twitter.com/hashtag/gochiusa99a6.html]
[twitter.com/hashtag/gochiusa6bf8.html]
[twitter.com/hashtag/gochiusa923c.html]
[twitter.com/hashtag/gochiusa0b5e.html]
[twitter.com/hashtag/gochiusa08c7.html]
[twitter.com/hashtag/gochiusa5720.html]
[twitter.com/hashtag/gochiusa9e93.html]
[twitter.com/hashtag/gochiusae034.html]
[twitter.com/hashtag/gochiusa2296.html]
[twitter.com/hashtag/gochiusa4bed.html]
[twitter.com/hashtag/gochiusa1f03.html]
[twitter.com/hashtag/gochiusa2139.html]
[twitter.com/hashtag/gochiusa6e27.html]
[twitter.com/hashtag/gochiusa9277.html]
[twitter.com/hashtag/gochiusa64f4.html]
[twitter.com/hashtag/gochiusad6cc.html]
[twitter.com/hashtag/gochiusae6ac.html]
[twitter.com/hashtag/gochiusac203.html]
[twitter.com/hashtag/gochiusaef8e.html]
[twitter.com/hashtag/gochiusabbc9.html]
[twitter.com/hashtag/gochiusa7d5b.html]
[twitter.com/hashtag/gochiusa880d.html]
[twitter.com/hashtag/gochiusa21c9.html]
[twitter.com/hashtag/gochiusacc5a.html]
[twitter.com/hashtag/gochiusa7542.html]
[twitter.com/hashtag/gochiusac9e6.html]
[twitter.com/hashtag/gochiusa759b.html]
[twitter.com/hashtag/gochiusa9212.html]
[twitter.com/hashtag/gochiusa2dc2.html]
[twitter.com/hashtag/gochiusadeba.html]
[twitter.com/hashtag/gochiusa7f9d.html]
[twitter.com/hashtag/gochiusa09c3.html]
[twitter.com/hashtag/gochiusa91da.html]
[twitter.com/hashtag/gochiusaac5d.html]
[twitter.com/hashtag/gochiusa466a.html]
[twitter.com/hashtag/gochiusa805d.html]
[twitter.com/search-advanced.html]
[twitter.com/login9160.html]
[twitter.com/login81f8.html]
[twitter.com/logina2b8.html]
[twitter.com/login0905.html]
[twitter.com/login2198.html]
[twitter.com/login53ca.html]
[twitter.com/logindb0a.html]
[twitter.com/login686f.html]
[twitter.com/login646d.html]
[twitter.com/login2d42.html]
[twitter.com/login6487.html]
[twitter.com/logind947.html]
[twitter.com/loginf103.html]
[twitter.com/login345a.html]
[twitter.com/login3c3f.html]
[twitter.com/login6c03.html]
[twitter.com/login9dea.html]
[twitter.com/login5b57.html]
[twitter.com/login7a78.html]
[twitter.com/logind76f.html]
[twitter.com/login571f.html]
[twitter.com/login4f40.html]
[twitter.com/login8b6f.html]
[twitter.com/loginfdc1.html]
[twitter.com/loginbc06.html]
[twitter.com/login6bb5.html]
[twitter.com/login19a9.html]
[twitter.com/login8049.html]
[twitter.com/login9c1c.html]
[twitter.com/login5bee.html]
[twitter.com/logind78b.html]
[twitter.com/login789f.html]
[twitter.com/login231e.html]
[twitter.com/login703b.html]
[twitter.com/login7aff.html]
[twitter.com/login2fbe.html]
[twitter.com/logindb85.html]
[twitter.com/login3835.html]
[twitter.com/logine111.html]
[twitter.com/logind4dc.html]
[twitter.com/login9172.html]
[twitter.com/loginbdaf.html]
[twitter.com/login20d5.html]
[twitter.com/logina91b.html]
[twitter.com/logina7c2.html]
[twitter.com/login1208.html]
[twitter.com/login524a.html]
[twitter.com/loginb0f8.html]
[twitter.com/signupb204.html]
[twitter.com/logincdb5.html]
[twitter.com/intent/follow749c.html]
[pbs.twimg.com/profile_images/1033686408471298049/U_swNmV0_200x200.26f.delayed]
[twitter.com/intent/user749c.html]
[twitter.com/intent/user6b9c.html]
[twitter.com/intent/user1711.html]
[twitter.com/intent/user0667.html]
[twitter.com/intent/user5654.html]
[twitter.com/A_tya_des.html]
[twitter.com/login4510.html]
[twitter.com/intent/user698a.html]
[twitter.com/intent/user1538.html]
[twitter.com/intent/userf220.html]
[twitter.com/intent/userc8b1.html]
[twitter.com/intent/userd17c.html]
[twitter.com/account/begin_password_reset.html]
[abs.twimg.com/a/1586972750/css/t1/twitter_core.bundle.css]
[abs.twimg.com/a/1586972750/css/t1/twitter_more_1.bundle.css]
[abs.twimg.com/a/1586972750/css/t1/twitter_more_2.bundle.css]
[twitter.com/usagi_anime3c47.html]
[twitter.com/usagi_anime0f8f.html]
[twitter.com/usagi_animecd86.html]
[twitter.com/usagi_animee342.html]
[twitter.com/usagi_anime4ba7.html]
[twitter.com/usagi_animeb583.html]
[twitter.com/usagi_animeb258.html]
[twitter.com/usagi_anime9fe4.html]
[twitter.com/usagi_animeb9f0.html]
[twitter.com/usagi_animee83c.html]
[twitter.com/usagi_anime7a34.html]
