[backblue.gif]
[fade.gif]
[index.html]
[www.gochiusa.com/core_sys/images/main/af2019/favicon.ico]
[www.gochiusa.com/core_sys/images/main/af2019/common/background.jpg]
[cdnjs.cloudflare.com/ajax/libs/pace/1.0.2/pace.min.js]
[www.gochiusa.com/core_sys/images/main/af2019/audio/daydream_cafe_future_a.mp3]
[www.gochiusa.com/core_sys/images/main/af2019/audio/sekai_ga_cafe_future.mp3]
[www.gochiusa.com/core_sys/images/main/af2019/audio/daydream_cafe_future_b.mp3]
[www.gochiusa.com/core_sys/images/main/af2019/chara_thumb_1.png]
[www.gochiusa.com/core_sys/images/main/af2019/chara_thumb_2.png]
[www.gochiusa.com/core_sys/images/main/af2019/chara_thumb_3.png]
[www.gochiusa.com/core_sys/images/main/af2019/chara_thumb_4.png]
[www.gochiusa.com/core_sys/images/main/af2019/chara_thumb_5.png]
[www.gochiusa.com/core_sys/images/main/af2019/main_img_pc.png]
[www.gochiusa.com/core_sys/images/main/af2019/story_tp.png]
[www.gochiusa.com/core_sys/images/main/af2019/story1.png]
[www.gochiusa.com/core_sys/images/main/af2019/story2.png]
[www.gochiusa.com/core_sys/images/main/af2019/chara_kafu.png]
[www.gochiusa.com/core_sys/images/main/af2019/chino.png]
[www.gochiusa.com/core_sys/images/main/af2019/chara_a.png]
[www.gochiusa.com/core_sys/images/main/af2019/cocoa.png]
[www.gochiusa.com/core_sys/images/main/af2019/chara_i.png]
[www.gochiusa.com/core_sys/images/main/af2019/rize.png]
[www.gochiusa.com/core_sys/images/main/af2019/chara_s.png]
[www.gochiusa.com/core_sys/images/main/af2019/chiya.png]
[www.gochiusa.com/core_sys/images/main/af2019/chara_k.png]
[www.gochiusa.com/core_sys/images/main/af2019/syaro.png]
[www.gochiusa.com/core_sys/images/main/af2019/movie.png]
[www.gochiusa.com/core_sys/images/main/af2019/loading_img.png]
[ajax.googleapis.com/ajax/libs/jquery/3.3.1/jquery.min.js]
[cdnjs.cloudflare.com/ajax/libs/bxslider/4.2.15/jquery.bxslider.min.js]
[www.gochiusa.com/core_sys/images/main/af2019/js/mav.min.js]
[www.gochiusa.com/core_sys/images/main/af2019/js/script.min.js]
[www.gochiusa.com/index.html]
[www.gochiusa.com/core_sys/images/main/af2019/photo.png]
[www.gochiusa.com/core_sys/images/main/af2019/css/af2019.css]
[www.gochiusa.com/core_sys/images/main/af2019/audio/daydream_cafe_future_a.mp3]
[www.gochiusa.com/core_sys/images/main/af2019/audio/sekai_ga_cafe_future.mp3]
[www.gochiusa.com/core_sys/images/main/af2019/topHead_news.svg]
[www.gochiusa.com/core_sys/images/main/af2019/audio/daydream_cafe_future_a.mp3]
[www.gochiusa.com/core_sys/images/main/af2019/audio/sekai_ga_cafe_future.mp3]
