[gochiusa.com/af/index.html]
[backblue.gif]
[fade.gif]
[index.html]
[gochiusa.com/af/core_sys/js/common.js]
[ajax.googleapis.com/ajax/libs/jquery/1.10.2/jquery.min.js]
[gochiusa.com/af/core_sys/images/others/js/jquery.colorbox-min.js]
[gochiusa.com/af/core_sys/images/main/cont/special/16aprl/t_main_logo.png]
[gochiusa.com/af/core_sys/images/main/cont/special/16aprl/af001.mp3]
[gochiusa.com/af/core_sys/images/main/cont/special/16aprl/side_menu_ti.png]
[gochiusa.com/af/contents/special/chara01/index03330000.html]
[gochiusa.com/af/core_sys/images/main/cont/special/16aprl/side_nav1.png]
[gochiusa.com/af/contents/special/story/index03320000.html]
[gochiusa.com/af/core_sys/images/main/cont/special/16aprl/side_nav2.png]
[gochiusa.com/af/contents/special/question.html]
[gochiusa.com/af/core_sys/images/main/cont/special/16aprl/af_logo.png]
[gochiusa.com/af/index-2.html]
[gochiusa.com/af/core_sys/images/main/cont/special/16aprl/main_logo.png]
[gochiusa.com/af/core_sys/images/main/cont/special/16aprl/play_btn.png]
[gochiusa.com/af/core_sys/images/main/cont/special/16aprl/song1.mp3]
[apis.google.com/js/plusone.js]
[www.googleadservices.com/pagead/f.txt]
[gochiusa.com/af/index.html]
[www.gochiusa.com/core_sys/images/main/top/main_img.html]
[gochiusa.com/af/core_sys/css/common/common.css]
[gochiusa.com/af/core_sys/css/common/font.css]
[gochiusa.com/af/core_sys/css/common/float_fix.css]
[gochiusa.com/af/core_sys/css/user/user.css]
[gochiusa.com/af/core_sys/css/import/top/001/set.css]
[gochiusa.com/af/core_sys/css/dez_pt/top/001/base_area.css]
[gochiusa.com/af/core_sys/css/dez_pt/top/001/sub_area.css]
[gochiusa.com/af/core_sys/css/import/top/001/dez_pt.css]
[gochiusa.com/af/core_sys/css/import/top/001/unit.css]
[gochiusa.com/af/core_sys/css/fsc/fss.css]
[gochiusa.com/af/core_sys/css/fsc/fsm.css]
[gochiusa.com/af/core_sys/css/fsc/fsl.css]
[gochiusa.com/af/core_sys/js/common.js]
[gochiusa.com/af/core_sys/js/user.js]
[gochiusa.com/af/core_sys/images/others/js/jquery.colorbox-min.js]
[gochiusa.com/af/core_sys/images/sys/pagetop_bt.png]
[gochiusa.com/af/contents/special/chara01/index03340000.html]
[gochiusa.com/af/core_sys/images/main/cont/special/16aprl/ch_list01.png]
[gochiusa.com/af/contents/special/chara01/index03350000.html]
[gochiusa.com/af/core_sys/images/main/cont/special/16aprl/ch_list02.png]
[gochiusa.com/af/contents/special/chara01/index03360000.html]
[gochiusa.com/af/core_sys/images/main/cont/special/16aprl/ch_list03.png]
[gochiusa.com/af/contents/special/chara01/index03370000.html]
[gochiusa.com/af/core_sys/images/main/cont/special/16aprl/ch_list04.png]
[gochiusa.com/af/contents/special/chara01/index03380000.html]
[gochiusa.com/af/core_sys/images/main/cont/special/16aprl/ch_list05.png]
[gochiusa.com/af/contents/special/chara01/index03390000.html]
[gochiusa.com/af/core_sys/images/main/cont/special/16aprl/ch_list06.png]
[gochiusa.com/af/contents/special/chara01/index03400000.html]
[gochiusa.com/af/core_sys/images/main/cont/special/16aprl/ch_list07.png]
[gochiusa.com/af/contents/special/chara01/index03410000.html]
[gochiusa.com/af/core_sys/images/main/cont/special/16aprl/ch_list08.png]
[gochiusa.com/af/core_sys/images/main/cont/special/16aprl/chlist_base_bg.png]
[gochiusa.com/af/core_sys/images/main/cont/special/16aprl/af003.mp3]
[gochiusa.com/af/contents/answer/index03310000.html]
[gochiusa.com/af/contents/special/chara01/index03330000.html]
[gochiusa.com/af/contents/answer/index03300000.html]
[gochiusa.com/af/core_sys/images/main/cont/special/16aprl/af002.mp3]
[gochiusa.com/af/contents/special/story/index03320000.html]
[gochiusa.com/af/core_sys/images/main/cont/special/16aprl/cont_base_bg3.jpg]
[gochiusa.com/af/core_sys/images/main/cont/cont_ti9.gif]
[gochiusa.com/af/core_sys/images/main/cont/special/16aprl/answer_move.png]
[gochiusa.com/af/core_sys/images/main/cont/special/16aprl/qbt01.png]
[gochiusa.com/af/core_sys/images/main/cont/special/16aprl/qbt02.png]
[gochiusa.com/af/core_sys/images/main/cont/special/16aprl/qbt03.png]
[gochiusa.com/af/core_sys/images/main/cont/special/16aprl/qbt04.png]
[gochiusa.com/af/core_sys/images/main/cont/special/16aprl/qbt05.png]
[gochiusa.com/af/core_sys/images/main/cont/special/16aprl/qbt06.png]
[gochiusa.com/af/core_sys/images/main/cont/special/16aprl/answer_bt.png]
[gochiusa.com/af/core_sys/images/main/cont/special/16aprl/q1.png]
[gochiusa.com/af/core_sys/images/main/cont/special/16aprl/q2.png]
[gochiusa.com/af/core_sys/images/main/cont/special/16aprl/q3.png]
[gochiusa.com/af/core_sys/images/main/cont/special/16aprl/q4.png]
[gochiusa.com/af/core_sys/images/main/cont/special/16aprl/q5.png]
[gochiusa.com/af/core_sys/images/main/cont/special/16aprl/q6.png]
[gochiusa.com/af/core_sys/images/main/cont/special/16aprl/close_bt.png]
[gochiusa.com/af/core_sys/images/main/cont/special/16aprl/cont_base_bg2.jpg]
[gochiusa.com/af/contents/special/index.html]
[gochiusa.com/af/core_sys/images/sys/back_list_bt.gif]
[gochiusa.com/af/contents/special/question.html]
[gochiusa.com/af/index-2.html]
[gochiusa.com/af/core_sys/images/sys/alert_ic02.gif]
[gochiusa.com/af/core_sys/images/sys/alert_ic01.gif]
[gochiusa.com/af/core_sys/css/common/common.css]
[gochiusa.com/af/core_sys/css/common/font.css]
[gochiusa.com/af/core_sys/css/common/float_fix.css]
[gochiusa.com/af/core_sys/images/main/cont/special/16aprl/q_bg.png]
[gochiusa.com/af/core_sys/images/main/cont/special/16aprl/answer_area_bg2.png]
[gochiusa.com/af/core_sys/images/others/js/cb/close_bt.png]
[gochiusa.com/af/core_sys/images/others/js/cb/close_bto.png]
[gochiusa.com/af/core_sys/images/main/cont/news/news_list_border.png]
[gochiusa.com/af/core_sys/css/user/user.css]
[gochiusa.com/af/core_sys/css/import/common/style_parts.css]
[gochiusa.com/af/core_sys/css/style_parts/style_parts.css]
[gochiusa.com/af/core_sys/images/main/cont/special/16aprl/top_base_bg.jpg]
[gochiusa.com/af/core_sys/images/main/cont/special/16aprl/top_bg.jpg]
[gochiusa.com/af/core_sys/images/main/wrapper_bg.gif]
[gochiusa.com/af/core_sys/css/dez_pt/top/001/base_area.css]
[gochiusa.com/af/core_sys/css/dez_pt/top/001/sub_area.css]
[gochiusa.com/af/core_sys/css/dez_pt/common/3c.css]
[gochiusa.com/af/core_sys/css/usa/usa_033.css]
[gochiusa.com/af/core_sys/images/main/cont/special/16aprl/twitter_bg.png]
[gochiusa.com/af/core_sys/css/usa/usa_002.css]
[gochiusa.com/af/core_sys/css/usa/usa_034.css]
[gochiusa.com/af/core_sys/css/usa/usa_020.css]
[gochiusa.com/af/core_sys/css/usa/usa_005.css]
[gochiusa.com/af/core_sys/css/ptu/cw.css]
[gochiusa.com/af/core_sys/css/import/contents/005/set.css]
[gochiusa.com/af/core_sys/css/dez_pt/contents/005/base_area.css]
[gochiusa.com/af/core_sys/css/dez_pt/contents/005/sub_area.css]
[gochiusa.com/af/core_sys/css/import/contents/005/dez_pt.css]
[gochiusa.com/af/core_sys/css/navi/sub_ct.css]
[gochiusa.com/af/core_sys/css/import/contents/005/unit.css]
[gochiusa.com/af/core_sys/images/main/cont/cont_ti0.html]
[gochiusa.com/af/core_sys/css/ptu/cms_block.css]
[gochiusa.com/af/core_sys/images/contents/00000334/base/001632b.png]
[gochiusa.com/af/contents/special/chara01/index03340000.html]
[gochiusa.com/af/core_sys/images/main/cont/special/16aprl/ch_back_bt.png]
[gochiusa.com/af/core_sys/images/contents/00000335/base/0013444.png]
[gochiusa.com/af/contents/special/chara01/index03350000.html]
[gochiusa.com/af/core_sys/images/contents/00000336/base/001d0b3.png]
[gochiusa.com/af/contents/special/chara01/index03360000.html]
[gochiusa.com/af/core_sys/images/contents/00000337/base/001123a.png]
[gochiusa.com/af/contents/special/chara01/index03370000.html]
[gochiusa.com/af/core_sys/images/contents/00000338/base/0018f6c.png]
[gochiusa.com/af/contents/special/chara01/index03380000.html]
[gochiusa.com/af/core_sys/images/contents/00000339/base/0019277.png]
[gochiusa.com/af/contents/special/chara01/index03390000.html]
[gochiusa.com/af/core_sys/images/contents/00000340/base/001a5a7.png]
[gochiusa.com/af/contents/special/chara01/index03400000.html]
[gochiusa.com/af/core_sys/images/contents/00000341/base/00192d7.png]
[gochiusa.com/af/contents/special/chara01/index03410000.html]
[gochiusa.com/af/core_sys/images/contents/00000331/base/001af93.png]
[gochiusa.com/af/core_sys/images/main/cont/special/16aprl/wp1920x1080.jpg]
[gochiusa.com/af/core_sys/images/main/cont/special/16aprl/correct_dlbt.png]
[gochiusa.com/af/core_sys/images/main/cont/special/16aprl/af004.mp3]
[gochiusa.com/af/contents/answer/index03310000.html]
[gochiusa.com/af/core_sys/images/contents/00000330/base/0010740.png]
[gochiusa.com/af/contents/answer/index03300000.html]
[gochiusa.com/af/core_sys/images/main/cont/special/16aprl/af005.mp3]
[gochiusa.com/af/core_sys/images/sys/no_image01.gif]
[gochiusa.com/af/contents/special/index02880000.html]
[gochiusa.com/af/core_sys/images/contents/00000288/base/l2.png]
[gochiusa.com/af/contents/special/index02870000.html]
[gochiusa.com/af/core_sys/images/contents/00000287/base/l2.png]
[gochiusa.com/af/contents/special/index02850000.html]
[gochiusa.com/af/core_sys/images/contents/00000285/base/l2.png]
[gochiusa.com/af/contents/special/index02830000.html]
[gochiusa.com/af/core_sys/images/contents/00000283/base/l2.png]
[gochiusa.com/af/contents/special/index02740000.html]
[gochiusa.com/af/core_sys/images/contents/00000274/base/l2.png]
[gochiusa.com/af/contents/special/index02710000.html]
[gochiusa.com/af/core_sys/images/contents/00000271/base/l2.png]
[gochiusa.com/af/contents/special/index02610000.html]
[gochiusa.com/af/core_sys/images/contents/00000261/base/l2.png]
[gochiusa.com/af/contents/special/index.html]
[gochiusa.com/af/core_sys/images/others/js/cb/loading_background.html]
[gochiusa.com/af/core_sys/images/others/js/cb/loading.html]
[gochiusa.com/af/core_sys/images/style_parts/bg/common/dot1_bk.gif]
[gochiusa.com/af/core_sys/images/style_parts/bg/common/dot1_gl01.gif]
[gochiusa.com/af/core_sys/images/style_parts/bg/common/dot1_gl02.gif]
[gochiusa.com/af/core_sys/images/style_parts/bg/common/dot1_wh.gif]
[gochiusa.com/af/core_sys/images/style_parts/bg/common/dot2_bk.gif]
[gochiusa.com/af/core_sys/images/style_parts/bg/common/dot2_gl01.gif]
[gochiusa.com/af/core_sys/images/style_parts/bg/common/dot2_gl02.gif]
[gochiusa.com/af/core_sys/images/style_parts/bg/common/dot2_wh.gif]
[gochiusa.com/af/core_sys/images/style_parts/bg/common/r10_wh.gif]
[gochiusa.com/af/core_sys/images/style_parts/bg/common/r5_wh.gif]
[gochiusa.com/af/core_sys/images/style_parts/ico/arrow/ar01_gl01.gif]
[gochiusa.com/af/core_sys/images/style_parts/ico/arrow/ar01_gl02.gif]
[gochiusa.com/af/core_sys/images/style_parts/ico/arrow/ar01_bk.gif]
[gochiusa.com/af/core_sys/images/style_parts/ico/arrow/ar01_or01.gif]
[gochiusa.com/af/core_sys/images/style_parts/ico/arrow/ar01_or02.gif]
[gochiusa.com/af/core_sys/images/style_parts/ico/arrow/ar01_re01.gif]
[gochiusa.com/af/core_sys/images/style_parts/ico/arrow/ar01_pp01.gif]
[gochiusa.com/af/core_sys/images/style_parts/ico/arrow/ar01_bl01.gif]
[gochiusa.com/af/core_sys/images/style_parts/ico/arrow/ar01_bl02.gif]
[gochiusa.com/af/core_sys/images/style_parts/ico/arrow/ar01_gr01.gif]
[gochiusa.com/af/core_sys/images/style_parts/ico/arrow/ar01_gr02.gif]
[gochiusa.com/af/core_sys/images/style_parts/ico/arrow/ar01_kh01.gif]
[gochiusa.com/af/core_sys/images/style_parts/ico/arrow/ar01_en01.gif]
[gochiusa.com/af/core_sys/images/style_parts/ico/arrow/ar01_bg01.gif]
[gochiusa.com/af/core_sys/images/style_parts/ico/arrow/ar01_bg02.gif]
[gochiusa.com/af/core_sys/images/style_parts/ico/arrow/ar01_sm01.gif]
[gochiusa.com/af/core_sys/images/style_parts/ico/arrow/ar02_gl01.gif]
[gochiusa.com/af/core_sys/images/style_parts/ico/arrow/ar02_gl02.gif]
[gochiusa.com/af/core_sys/images/style_parts/ico/arrow/ar02_bk.gif]
[gochiusa.com/af/core_sys/images/style_parts/ico/arrow/ar02_or01.gif]
[gochiusa.com/af/core_sys/images/style_parts/ico/arrow/ar02_or02.gif]
[gochiusa.com/af/core_sys/images/style_parts/ico/arrow/ar02_re01.gif]
[gochiusa.com/af/core_sys/images/style_parts/ico/arrow/ar02_pp01.gif]
[gochiusa.com/af/core_sys/images/style_parts/ico/arrow/ar02_bl01.gif]
[gochiusa.com/af/core_sys/images/style_parts/ico/arrow/ar02_bl02.gif]
[gochiusa.com/af/core_sys/images/style_parts/ico/arrow/ar02_gr01.gif]
[gochiusa.com/af/core_sys/images/style_parts/ico/arrow/ar02_gr02.gif]
[gochiusa.com/af/core_sys/images/style_parts/ico/arrow/ar02_kh01.gif]
[gochiusa.com/af/core_sys/images/style_parts/ico/arrow/ar02_en01.gif]
[gochiusa.com/af/core_sys/images/style_parts/ico/arrow/ar02_bg01.gif]
[gochiusa.com/af/core_sys/images/style_parts/ico/arrow/ar02_bg02.gif]
[gochiusa.com/af/core_sys/images/style_parts/ico/arrow/ar02_sm01.gif]
[gochiusa.com/af/core_sys/images/style_parts/bg/ti/grd01_bk.gif]
[gochiusa.com/af/core_sys/images/style_parts/bg/ti/grd01_gl.gif]
[gochiusa.com/af/core_sys/images/style_parts/bg/ti/grd01_bl.gif]
[gochiusa.com/af/core_sys/images/style_parts/bg/ti/grd01_gr.gif]
[gochiusa.com/af/core_sys/images/style_parts/bg/ti/grd01_or.gif]
[gochiusa.com/af/core_sys/images/style_parts/bg/ti/grd01_kh.gif]
[gochiusa.com/af/core_sys/images/style_parts/bg/ti/grd01_bg.gif]
[gochiusa.com/af/core_sys/images/style_parts/bg/ti/grd02_bk.gif]
[gochiusa.com/af/core_sys/images/style_parts/bg/ti/grd02_gl.gif]
[gochiusa.com/af/core_sys/images/style_parts/bg/ti/grd02_bl.gif]
[gochiusa.com/af/core_sys/images/style_parts/bg/ti/grd02_gr.gif]
[gochiusa.com/af/core_sys/images/style_parts/bg/ti/grd02_or.gif]
[gochiusa.com/af/core_sys/images/style_parts/bg/ti/grd02_kh.gif]
[gochiusa.com/af/core_sys/images/style_parts/bg/ti/grd02_bg.gif]
[gochiusa.com/af/core_sys/images/style_parts/bg/ti/grd03_gl.gif]
[gochiusa.com/af/core_sys/images/style_parts/bg/ti/grd03_bl.gif]
[gochiusa.com/af/core_sys/images/style_parts/bg/ti/grd03_gr.gif]
[gochiusa.com/af/core_sys/images/style_parts/bg/ti/grd03_or.gif]
[gochiusa.com/af/core_sys/images/style_parts/bg/ti/grd03_kh.gif]
[gochiusa.com/af/core_sys/images/style_parts/bg/ti/grd03_bg.gif]
[gochiusa.com/af/core_sys/images/style_parts/bg/ti/grd04_gl.gif]
[gochiusa.com/af/core_sys/images/style_parts/bg/ti/grd04_bl.gif]
[gochiusa.com/af/core_sys/images/style_parts/bg/ti/grd04_gr.gif]
[gochiusa.com/af/core_sys/images/style_parts/bg/ti/grd04_or.gif]
[gochiusa.com/af/core_sys/images/style_parts/bg/ti/grd04_kh.gif]
[gochiusa.com/af/core_sys/images/style_parts/bg/ti/grd04_bg.gif]
[gochiusa.com/af/core_sys/css/style_parts/style_parts.css]
[connect.facebook.net/ja_JP/all.js]
[gochiusa.com/af/core_sys/css/cms_block/contents/common.css]
[gochiusa.com/af/core_sys/css/cms_block/contents/wdt.css]
[gochiusa.com/af/core_sys/css/cms_block/contents/tp3_mgn.css]
[gochiusa.com/af/core_sys/css/import/common/cms_con_imp.css]
[gochiusa.com/af/core_sys/css/cms_block/edit/font_edit.css]
[gochiusa.com/af/core_sys/css/cms_block/list/list_common.css]
[gochiusa.com/af/core_sys/css/cms_block/list/list01.css]
[gochiusa.com/af/core_sys/css/cms_block/list/list02.css]
[gochiusa.com/af/core_sys/css/cms_block/list/list03.css]
[gochiusa.com/af/core_sys/css/cms_block/list/list04.css]
[gochiusa.com/af/core_sys/css/cms_block/list/list05.css]
[gochiusa.com/af/core_sys/css/cms_block/list/list07.css]
[gochiusa.com/af/core_sys/css/import/common/cms_list_imp.css]
[gochiusa.com/af/core_sys/images/main/cont/w980.gif]
[gochiusa.com/af/core_sys/images/main/cont/special/16aprl/cont_footer_bg.png]
[gochiusa.com/af/core_sys/css/dez_pt/contents/005/base_area.css]
[gochiusa.com/af/core_sys/images/main/cont/special/16aprl/cont_base_bg.jpg]
[gochiusa.com/af/core_sys/css/dez_pt/contents/005/sub_area.css]
[gochiusa.com/af/core_sys/css/dez_pt/common/2c_l.css]
[gochiusa.com/af/core_sys/css/usa/usa_007.css]
[gochiusa.com/af/core_sys/css/navi/sub_ct.css]
[gochiusa.com/af/core_sys/images/sys/ar01_gr01.gif]
[gochiusa.com/af/core_sys/css/ptu/cms_block.css]
[gochiusa.com/af/core_sys/images/contents/00000288/block/00001244/sn_0000070621a6.jpg]
[gochiusa.com/af/core_sys/images/contents/00000288/block/00001244/sn_0000070721a6.png]
[gochiusa.com/af/core_sys/images/contents/00000288/block/00001245/sn_0000070821a6.png]
[gochiusa.com/af/core_sys/images/contents/00000288/block/00001253/0000072421a6.png]
[gochiusa.com/af/core_sys/images/contents/00000288/block/00001246/sn_0000071121a6.jpg]
[gochiusa.com/af/core_sys/images/contents/00000288/block/00001247/sn_0000071221a6.png]
[gochiusa.com/af/core_sys/images/contents/00000288/block/00001247/sn_0000071321a6.png]
[gochiusa.com/af/core_sys/images/contents/00000288/block/00001248/sn_0000071421a6.jpg]
[gochiusa.com/af/core_sys/images/contents/00000288/block/00001248/sn_0000071521a6.jpg]
[gochiusa.com/af/core_sys/images/contents/00000288/block/00001254/sn_0000072521a6.jpg]
[gochiusa.com/af/core_sys/images/contents/00000288/block/00001249/0000071621a6.png]
[gochiusa.com/af/core_sys/images/contents/00000288/block/00001250/sn_0000071721a6.jpg]
[gochiusa.com/af/core_sys/images/contents/00000288/block/00001250/sn_0000071821a6.jpg]
[gochiusa.com/af/core_sys/images/contents/00000288/block/00001250/sn_0000071921a6.jpg]
[gochiusa.com/af/core_sys/images/contents/00000288/block/00001250/sn_0000072021a6.jpg]
[gochiusa.com/af/core_sys/images/contents/00000288/block/00001252/sn_0000072321a6.jpg]
[gochiusa.com/af/core_sys/images/contents/00000288/block/00001252/sn_0000072221a6.jpg]
[gochiusa.com/af/core_sys/images/contents/00000288/block/00001251/sn_0000072121a6.png]
[gochiusa.com/af/contents/special/index02880000.html]
[gochiusa.com/af/core_sys/images/contents/00000287/block/00001231/00000702c3b7.jpg]
[gochiusa.com/af/core_sys/images/main/cont/special/xmas/map_1222.pdf]
[gochiusa.com/af/core_sys/images/contents/00000287/block/00001233/00000703c3b7.png]
[gochiusa.com/af/contents/special/index02870000.html]
[gochiusa.com/af/core_sys/images/contents/00000285/block/00001218/sn_000006925a71.jpg]
[gochiusa.com/af/core_sys/images/contents/00000285/block/00001218/sn_000006945a71.png]
[gochiusa.com/af/core_sys/images/contents/00000285/block/00001226/000007005a71.png]
[gochiusa.com/af/core_sys/images/contents/00000285/block/00001208/000006885a71.jpg]
[gochiusa.com/af/core_sys/images/contents/00000285/block/00001209/sn_000006895a71.png]
[gochiusa.com/af/core_sys/images/contents/00000285/block/00001220/000006955a71.png]
[gochiusa.com/af/core_sys/images/others/pkg/nikkori_promo-45s.mp3]
[gochiusa.com/af/core_sys/images/contents/00000285/block/00001213/000006905a71.jpg]
[gochiusa.com/af/core_sys/images/contents/00000285/block/00001214/000006915a71.jpg]
[gochiusa.com/af/contents/special/index02850000.html]
[gochiusa.com/af/core_sys/images/contents/00000283/block/00001183/sn_00000679a2f8.jpg]
[gochiusa.com/af/core_sys/images/contents/00000283/block/00001185/sn_00000680a2f8.jpg]
[gochiusa.com/af/core_sys/images/contents/00000283/block/00001187/sn_00000681a2f8.jpg]
[gochiusa.com/af/contents/special/index02830000.html]
[gochiusa.com/af/core_sys/images/contents/00000274/block/00001206/sn_0000068769b4.jpg]
[gochiusa.com/af/contents/special/index02740000.html]
[gochiusa.com/af/core_sys/images/contents/00000271/base/0012a3c.jpg]
[gochiusa.com/af/core_sys/images/main/cont/special/oped_sp/detail_bt1.png]
[gochiusa.com/af/core_sys/images/main/cont/special/oped_sp/detail_bt2.png]
[gochiusa.com/af/core_sys/images/main/cont/special/oped_sp/detail_bt3.png]
[gochiusa.com/af/contents/special/index02710000.html]
[gochiusa.com/af/core_sys/images/contents/00000261/block/00001127/00000651b800.jpg]
[gochiusa.com/af/contents/special/index02610000.html]
[gochiusa.com/af/contents/special/1/index.html]
[www.google-analytics.com/analytics.js]
[b92.yahoo.co.jp/js/s_retargeting.js]
[gochiusa.com/af/core_sys/css/cms_block/contents/common.css]
[gochiusa.com/af/core_sys/css/cms_block/contents/wdt.css]
[gochiusa.com/af/core_sys/css/cms_block/contents/tp3_mgn.css]
[gochiusa.com/af/core_sys/css/common/width.css]
[gochiusa.com/af/core_sys/css/cms_block/edit/font_edit.css]
[gochiusa.com/af/core_sys/css/ptu/list_block.css]
[gochiusa.com/af/core_sys/images/sys/new_ic01.gif]
[gochiusa.com/af/core_sys/images/sys/tab_line01.gif]
[gochiusa.com/af/core_sys/images/sys/ar02_gr02.gif]
[gochiusa.com/af/core_sys/images/sys/nb_navi_prevt_bt.gif]
[gochiusa.com/af/core_sys/images/sys/nb_navi_next_bt.gif]
[gochiusa.com/af/core_sys/images/sys/tab_menu_r.gif]
[gochiusa.com/af/core_sys/images/sys/tab_menu_l.gif]
[gochiusa.com/af/core_sys/images/sys/tab_menu_lo.gif]
[gochiusa.com/af/core_sys/images/sys/ar01_bl01.gif]
[gochiusa.com/af/core_sys/css/cms_block/list/list_common.css]
[gochiusa.com/af/core_sys/css/cms_block/list/list01.css]
[gochiusa.com/af/core_sys/css/cms_block/list/list02.css]
[gochiusa.com/af/core_sys/images/sys/list_bk_bg.gif]
[gochiusa.com/af/core_sys/css/cms_block/list/list03.css]
[gochiusa.com/af/core_sys/images/sys/list_gl_bg.gif]
[gochiusa.com/af/core_sys/css/cms_block/list/list04.css]
[gochiusa.com/af/core_sys/css/cms_block/list/list05.css]
[gochiusa.com/af/core_sys/css/cms_block/list/list06.css]
[gochiusa.com/af/core_sys/css/cms_block/list/list07.css]
[gochiusa.com/af/core_sys/css/cms_block/list/list_wdt.css]
[gochiusa.com/af/core_sys/images/side/side_bgo.html]
[gochiusa.com/af/core_sys/images/side/side_ico_b.html]
[gochiusa.com/af/core_sys/images/side/side2_bg.html]
[gochiusa.com/af/core_sys/images/side/side2_bgo.html]
[gochiusa.com/af/core_sys/images/side/mark01.html]
[gochiusa.com/af/trash/news/hp0001/index03640000.html]
[gochiusa.com/af/trash/news/hp0001/index03520000.html]
[gochiusa.com/af/trash/news/hp0001/index03740000.html]
[gochiusa.com/af/trash/news/hp0001/index03690000.html]
[gochiusa.com/af/contents/cd/index02570000.html]
[gochiusa.com/af/contents/cd/index02560000.html]
[gochiusa.com/af/core_sys/css/images/main/cont/news/news_list_border.html]
