[gochiusa.com/af/index.html]
[backblue.gif]
[fade.gif]
[index.html]
[gochiusa.com/af/core_sys/images/others/css/normalize.css]
[gochiusa.com/af/core_sys/js/common.js]
[ajax.googleapis.com/ajax/libs/jquery/3.1.1/jquery.min.js]
[gochiusa.com/af/core_sys/images/main/top/logo.png]
[gochiusa.com/af/core_sys/images/others/mp3/1a.mp3]
[gochiusa.com/af/core_sys/images/others/mp3/1b.mp3]
[gochiusa.com/af/core_sys/images/others/mp3/1c.mp3]
[gochiusa.com/af/core_sys/images/others/mp3/1d.mp3]
[gochiusa.com/af/core_sys/images/others/mp3/bgm.mp3]
[gochiusa.com/af/core_sys/images/others/mp3/song2.mp3]
[gochiusa.com/af/core_sys/images/main/top/ship.png]
[gochiusa.com/af/core_sys/images/main/top/wild.png]
[gochiusa.com/af/core_sys/images/main/top/chino.png]
[gochiusa.com/af/core_sys/images/main/top/maya.png]
[gochiusa.com/af/core_sys/images/main/top/megu.png]
[gochiusa.com/af/core_sys/images/others/mp3/2a.mp3]
[gochiusa.com/af/core_sys/images/others/mp3/2b.mp3]
[gochiusa.com/af/core_sys/images/others/mp3/2c.mp3]
[gochiusa.com/af/core_sys/images/others/mp3/3a.mp3]
[gochiusa.com/af/core_sys/images/others/mp3/3b.mp3]
[gochiusa.com/af/core_sys/images/others/mp3/3c.mp3]
[gochiusa.com/af/core_sys/images/others/mp3/4a.mp3]
[gochiusa.com/af/core_sys/images/others/mp3/4b.mp3]
[gochiusa.com/af/core_sys/images/others/mp3/4c.mp3]
[gochiusa.com/af/core_sys/images/main/top/play_btn.png]
[platform.twitter.com/widgets.js]
[gochiusa.com/af/quest.html]
[gochiusa.com/af/core_sys/images/main/top/quest.png]
[gochiusa.com/af/summon.html]
[gochiusa.com/af/core_sys/images/main/top/summon.png]
[gochiusa.com/af/core_sys/images/main/top/counter.png]
[apis.google.com/js/plusone.js]
[gochiusa.com/af/index.html]
[gochiusa.com/af/core_sys/images/others/css/normalize.css]
[gochiusa.com/af/core_sys/css/common/common.css]
[gochiusa.com/af/core_sys/css/common/font.css]
[gochiusa.com/af/core_sys/css/common/float_fix.css]
[gochiusa.com/af/core_sys/css/import/top/001/set.css]
[gochiusa.com/af/core_sys/css/dez_pt/top/001/base_area.css]
[gochiusa.com/af/core_sys/css/import/top/001/dez_pt.css]
[gochiusa.com/af/core_sys/css/usa/usa_007.css]
[gochiusa.com/af/core_sys/css/usa/usa_001.css]
[gochiusa.com/af/core_sys/css/usa/usa_003.css]
[gochiusa.com/af/core_sys/css/import/top/001/unit.css]
[gochiusa.com/af/core_sys/css/fsc/fss.css]
[gochiusa.com/af/core_sys/css/fsc/fsm.css]
[gochiusa.com/af/core_sys/css/fsc/fsl.css]
[gochiusa.com/af/core_sys/js/common.js]
[gochiusa.com/af/core_sys/js/user.js]
[gochiusa.com/af/core_sys/images/main/quest/cocoa.jpg]
[gochiusa.com/af/core_sys/images/others/mp3/bgm_quest.mp3]
[gochiusa.com/af/core_sys/images/main/quest/lines.png]
[gochiusa.com/af/index-2.html]
[gochiusa.com/af/core_sys/images/main/cont/to_top.png]
[gochiusa.com/af/core_sys/images/main/cont/to_summon.png]
[gochiusa.com/af/quest.html]
[ajax.googleapis.com/ajax/libs/jqueryui/1.12.1/jquery-ui.min.js]
[gochiusa.com/af/core_sys/images/main/summon/summon_counter.png]
[gochiusa.com/af/core_sys/images/main/summon/mill_handle.png]
[gochiusa.com/af/core_sys/images/main/summon/mill_bar.png]
[gochiusa.com/af/core_sys/images/main/summon/mill.png]
[gochiusa.com/af/core_sys/images/main/summon/mill_drawer.png]
[gochiusa.com/af/core_sys/images/main/card/card_back.jpg]
[gochiusa.com/af/core_sys/images/main/summon/summon_hikunoja.png]
[gochiusa.com/af/core_sys/images/main/cont/to_quest.png]
[gochiusa.com/af/core_sys/images/main/summon/medal.png]
[gochiusa.com/af/core_sys/images/others/mp3/5b.mp3]
[gochiusa.com/af/core_sys/images/others/mp3/5c.mp3]
[gochiusa.com/af/core_sys/images/others/mp3/5d.mp3]
[gochiusa.com/af/core_sys/images/others/mp3/5e.mp3]
[gochiusa.com/af/core_sys/images/others/mp3/5f.mp3]
[gochiusa.com/af/treasure/index00030000.html]
[gochiusa.com/af/treasure/index00040000.html]
[gochiusa.com/af/treasure/index00050000.html]
[gochiusa.com/af/summon.html]
[gochiusa.com/af/core_sys/css/common/common.css]
[gochiusa.com/af/core_sys/css/common/font.css]
[gochiusa.com/af/core_sys/css/common/float_fix.css]
[gochiusa.com/af/core_sys/css/user/user.css]
[gochiusa.com/af/treasure/index00060000.html]
[gochiusa.com/af/core_sys/css/import/common/style_parts.css]
[gochiusa.com/af/core_sys/css/style_parts/style_parts.css]
[gochiusa.com/af/core_sys/images/main/top/bg.jpg]
[gochiusa.com/af/core_sys/css/dez_pt/top/001/base_area.css]
[gochiusa.com/af/core_sys/css/dez_pt/top/001/sub_area.css]
[gochiusa.com/af/core_sys/css/dez_pt/common/2c_l.css]
[gochiusa.com/af/core_sys/css/usa/usa_006.css]
[gochiusa.com/af/core_sys/css/usa/usa_007.css]
[gochiusa.com/af/core_sys/images/main/top/comment_icon.png]
[gochiusa.com/af/core_sys/css/usa/usa_001.css]
[gochiusa.com/af/core_sys/images/main/top/twitter.png]
[gochiusa.com/af/core_sys/css/usa/usa_002.css]
[gochiusa.com/af/core_sys/css/usa/usa_030.css]
[gochiusa.com/af/core_sys/css/usa/usa_008.css]
[gochiusa.com/af/core_sys/css/usa/usa_003.css]
[gochiusa.com/af/core_sys/css/usa/usa_005.css]
[gochiusa.com/af/core_sys/css/usa/usa_020.css]
[gochiusa.com/af/core_sys/css/ptu/cw.css]
[gochiusa.com/af/core_sys/css/usa/usa_040.css]
[gochiusa.com/af/core_sys/css/import/contents/002/set.css]
[gochiusa.com/af/core_sys/css/import/contents/002/dez_pt.css]
[gochiusa.com/af/core_sys/css/import/contents/002/unit.css]
[gochiusa.com/af/index-2.html]
[gochiusa.com/af/core_sys/css/import/contents/001/set.css]
[gochiusa.com/af/core_sys/css/import/contents/001/dez_pt.css]
[gochiusa.com/af/core_sys/css/import/contents/001/unit.css]
[gochiusa.com/af/card_maya.html]
[gochiusa.com/af/card_father.html]
[gochiusa.com/af/card_rize.html]
[gochiusa.com/af/card_cocoa.html]
[gochiusa.com/af/card_chino.html]
[gochiusa.com/af/card_chiya.html]
[gochiusa.com/af/card_megu.html]
[gochiusa.com/af/card_beast.html]
[gochiusa.com/af/card_syaro.html]
[gochiusa.com/af/carc_mocha.html]
[gochiusa.com/af/card_michibiki.html]
[gochiusa.com/af/card_medal.html]
[gochiusa.com/af/core_sys/css/usa/usa_039.css]
[gochiusa.com/af/core_sys/images/main/wallpaper/chino_g8SC2FzrRL.jpg]
[gochiusa.com/af/core_sys/images/main/wallpaper/download_button.png]
[gochiusa.com/af/treasure/index00030000.html]
[gochiusa.com/af/core_sys/images/main/wallpaper/maya_f7YCP9m9Fj.jpg]
[gochiusa.com/af/treasure/index00040000.html]
[gochiusa.com/af/core_sys/images/main/wallpaper/megu_zpkNDGAku7.jpg]
[gochiusa.com/af/treasure/index00050000.html]
[gochiusa.com/af/core_sys/images/main/wallpaper/chimame_6XpU2Nxuen.jpg]
[gochiusa.com/af/treasure/index00060000.html]
[gochiusa.com/af/core_sys/images/style_parts/bg/common/dot1_bk.gif]
[gochiusa.com/af/core_sys/images/style_parts/bg/common/dot1_gl01.gif]
[gochiusa.com/af/core_sys/images/style_parts/bg/common/dot1_gl02.gif]
[gochiusa.com/af/core_sys/images/style_parts/bg/common/dot1_wh.gif]
[gochiusa.com/af/core_sys/images/style_parts/bg/common/dot2_bk.gif]
[gochiusa.com/af/core_sys/images/style_parts/bg/common/dot2_gl01.gif]
[gochiusa.com/af/core_sys/images/style_parts/bg/common/dot2_gl02.gif]
[gochiusa.com/af/core_sys/images/style_parts/bg/common/dot2_wh.gif]
[gochiusa.com/af/core_sys/images/style_parts/bg/common/r10_wh.gif]
[gochiusa.com/af/core_sys/images/style_parts/bg/common/r5_wh.gif]
[gochiusa.com/af/core_sys/images/style_parts/ico/arrow/ar01_gl01.gif]
[gochiusa.com/af/core_sys/images/style_parts/ico/arrow/ar01_gl02.gif]
[gochiusa.com/af/core_sys/images/style_parts/ico/arrow/ar01_bk.gif]
[gochiusa.com/af/core_sys/images/style_parts/ico/arrow/ar01_or01.gif]
[gochiusa.com/af/core_sys/images/style_parts/ico/arrow/ar01_or02.gif]
[gochiusa.com/af/core_sys/images/style_parts/ico/arrow/ar01_re01.gif]
[gochiusa.com/af/core_sys/images/style_parts/ico/arrow/ar01_pp01.gif]
[gochiusa.com/af/core_sys/images/style_parts/ico/arrow/ar01_bl01.gif]
[gochiusa.com/af/core_sys/images/style_parts/ico/arrow/ar01_bl02.gif]
[gochiusa.com/af/core_sys/images/style_parts/ico/arrow/ar01_gr01.gif]
[gochiusa.com/af/core_sys/images/style_parts/ico/arrow/ar01_gr02.gif]
[gochiusa.com/af/core_sys/images/style_parts/ico/arrow/ar01_kh01.gif]
[gochiusa.com/af/core_sys/images/style_parts/ico/arrow/ar01_en01.gif]
[gochiusa.com/af/core_sys/images/style_parts/ico/arrow/ar01_bg01.gif]
[gochiusa.com/af/core_sys/images/style_parts/ico/arrow/ar01_bg02.gif]
[gochiusa.com/af/core_sys/images/style_parts/ico/arrow/ar01_sm01.gif]
[gochiusa.com/af/core_sys/images/style_parts/ico/arrow/ar02_gl01.gif]
[gochiusa.com/af/core_sys/images/style_parts/ico/arrow/ar02_gl02.gif]
[gochiusa.com/af/core_sys/images/style_parts/ico/arrow/ar02_bk.gif]
[gochiusa.com/af/core_sys/images/style_parts/ico/arrow/ar02_or01.gif]
[gochiusa.com/af/core_sys/images/style_parts/ico/arrow/ar02_or02.gif]
[gochiusa.com/af/core_sys/images/style_parts/ico/arrow/ar02_re01.gif]
[gochiusa.com/af/core_sys/images/style_parts/ico/arrow/ar02_pp01.gif]
[gochiusa.com/af/core_sys/images/style_parts/ico/arrow/ar02_bl01.gif]
[gochiusa.com/af/core_sys/images/style_parts/ico/arrow/ar02_bl02.gif]
[gochiusa.com/af/core_sys/images/style_parts/ico/arrow/ar02_gr01.gif]
[gochiusa.com/af/core_sys/images/style_parts/ico/arrow/ar02_gr02.gif]
[gochiusa.com/af/core_sys/images/style_parts/ico/arrow/ar02_kh01.gif]
[gochiusa.com/af/core_sys/images/style_parts/ico/arrow/ar02_en01.gif]
[gochiusa.com/af/core_sys/images/style_parts/ico/arrow/ar02_bg01.gif]
[gochiusa.com/af/core_sys/images/style_parts/ico/arrow/ar02_bg02.gif]
[gochiusa.com/af/core_sys/images/style_parts/ico/arrow/ar02_sm01.gif]
[gochiusa.com/af/core_sys/images/style_parts/bg/ti/grd01_bk.gif]
[gochiusa.com/af/core_sys/images/style_parts/bg/ti/grd01_gl.gif]
[gochiusa.com/af/core_sys/images/style_parts/bg/ti/grd01_bl.gif]
[gochiusa.com/af/core_sys/images/style_parts/bg/ti/grd01_gr.gif]
[gochiusa.com/af/core_sys/images/style_parts/bg/ti/grd01_or.gif]
[gochiusa.com/af/core_sys/images/style_parts/bg/ti/grd01_kh.gif]
[gochiusa.com/af/core_sys/images/style_parts/bg/ti/grd01_bg.gif]
[gochiusa.com/af/core_sys/images/style_parts/bg/ti/grd02_bk.gif]
[gochiusa.com/af/core_sys/images/style_parts/bg/ti/grd02_gl.gif]
[gochiusa.com/af/core_sys/images/style_parts/bg/ti/grd02_bl.gif]
[gochiusa.com/af/core_sys/images/style_parts/bg/ti/grd02_gr.gif]
[gochiusa.com/af/core_sys/images/style_parts/bg/ti/grd02_or.gif]
[gochiusa.com/af/core_sys/images/style_parts/bg/ti/grd02_kh.gif]
[gochiusa.com/af/core_sys/images/style_parts/bg/ti/grd02_bg.gif]
[gochiusa.com/af/core_sys/images/style_parts/bg/ti/grd03_gl.gif]
[gochiusa.com/af/core_sys/images/style_parts/bg/ti/grd03_bl.gif]
[gochiusa.com/af/core_sys/images/style_parts/bg/ti/grd03_gr.gif]
[gochiusa.com/af/core_sys/images/style_parts/bg/ti/grd03_or.gif]
[gochiusa.com/af/core_sys/images/style_parts/bg/ti/grd03_kh.gif]
[gochiusa.com/af/core_sys/images/style_parts/bg/ti/grd03_bg.gif]
[gochiusa.com/af/core_sys/images/style_parts/bg/ti/grd04_gl.gif]
[gochiusa.com/af/core_sys/images/style_parts/bg/ti/grd04_bl.gif]
[gochiusa.com/af/core_sys/images/style_parts/bg/ti/grd04_gr.gif]
[gochiusa.com/af/core_sys/images/style_parts/bg/ti/grd04_or.gif]
[gochiusa.com/af/core_sys/images/style_parts/bg/ti/grd04_kh.gif]
[gochiusa.com/af/core_sys/images/style_parts/bg/ti/grd04_bg.gif]
[gochiusa.com/af/core_sys/css/style_parts/style_parts.css]
[gochiusa.com/af/core_sys/images/main/h2_ti_bg_b.html]
[gochiusa.com/af/core_sys/css/ptu/cms_block.css]
[gochiusa.com/af/core_sys/css/cms_block/contents/common.css]
[gochiusa.com/af/core_sys/css/cms_block/contents/wdt.css]
[gochiusa.com/af/core_sys/css/cms_block/contents/tp3_mgn.css]
[gochiusa.com/af/core_sys/css/import/common/cms_con_imp.css]
[gochiusa.com/af/core_sys/css/cms_block/edit/font_edit.css]
[gochiusa.com/af/core_sys/css/cms_block/list/list_common.css]
[gochiusa.com/af/core_sys/css/cms_block/list/list01.css]
[gochiusa.com/af/core_sys/css/cms_block/list/list02.css]
[gochiusa.com/af/core_sys/css/cms_block/list/list03.css]
[gochiusa.com/af/core_sys/css/cms_block/list/list04.css]
[gochiusa.com/af/core_sys/css/cms_block/list/list05.css]
[gochiusa.com/af/core_sys/css/cms_block/list/list07.css]
[gochiusa.com/af/core_sys/css/import/common/cms_list_imp.css]
[gochiusa.com/af/core_sys/images/main/quest/quest_bg.jpg]
[gochiusa.com/af/core_sys/css/dez_pt/contents/002/base_area.css]
[gochiusa.com/af/core_sys/css/dez_pt/contents/002/sub_area.css]
[gochiusa.com/af/core_sys/css/dez_pt/common/1c.css]
[gochiusa.com/af/core_sys/css/usa/usa_015.css]
[gochiusa.com/af/core_sys/css/usa/usa_016.css]
[gochiusa.com/af/core_sys/css/usa/usa_017.css]
[gochiusa.com/af/core_sys/images/main/summon/summon_bg.jpg]
[gochiusa.com/af/core_sys/css/dez_pt/contents/001/base_area.css]
[gochiusa.com/af/core_sys/css/dez_pt/contents/001/sub_area.css]
[gochiusa.com/af/core_sys/css/usa/usa_014.css]
[gochiusa.com/af/core_sys/css/usa/usa_010.css]
[gochiusa.com/af/core_sys/css/usa/usa_011.css]
[gochiusa.com/af/core_sys/css/usa/usa_012.css]
[gochiusa.com/af/core_sys/css/usa/usa_013.css]
[gochiusa.com/af/core_sys/css/usa/usa_039.css]
[gochiusa.com/af/core_sys/css/import/contents/003/set.css]
[gochiusa.com/af/core_sys/css/import/contents/003/dez_pt.css]
[gochiusa.com/af/core_sys/css/import/contents/003/unit.css]
[connect.facebook.net/ja_JP/all.js]
[www.google-analytics.com/analytics.js]
[gochiusa.com/af/core_sys/images/sys/ar01_gr01.gif]
[gochiusa.com/af/core_sys/css/ptu/cms_block.css]
[gochiusa.com/af/core_sys/css/cms_block/contents/common.css]
[gochiusa.com/af/core_sys/css/cms_block/contents/wdt.css]
[gochiusa.com/af/core_sys/css/cms_block/contents/tp3_mgn.css]
[gochiusa.com/af/core_sys/css/common/width.css]
[gochiusa.com/af/core_sys/css/cms_block/edit/font_edit.css]
[gochiusa.com/af/core_sys/css/ptu/list_block.css]
[gochiusa.com/af/core_sys/images/sys/new_ic01.gif]
[gochiusa.com/af/core_sys/images/sys/tab_line01.gif]
[gochiusa.com/af/core_sys/images/sys/ar02_gr02.gif]
[gochiusa.com/af/core_sys/images/sys/nb_navi_prevt_bt.gif]
[gochiusa.com/af/core_sys/images/sys/nb_navi_next_bt.gif]
[gochiusa.com/af/core_sys/images/sys/tab_menu_r.gif]
[gochiusa.com/af/core_sys/images/sys/tab_menu_l.gif]
[gochiusa.com/af/core_sys/images/sys/tab_menu_lo.gif]
[gochiusa.com/af/core_sys/images/sys/ar01_bl01.gif]
[gochiusa.com/af/core_sys/css/cms_block/list/list_common.css]
[gochiusa.com/af/core_sys/css/cms_block/list/list01.css]
[gochiusa.com/af/core_sys/images/sys/list_gl_bg.gif]
[gochiusa.com/af/core_sys/css/cms_block/list/list02.css]
[gochiusa.com/af/core_sys/images/sys/list_bk_bg.gif]
[gochiusa.com/af/core_sys/css/cms_block/list/list03.css]
[gochiusa.com/af/core_sys/css/cms_block/list/list04.css]
[gochiusa.com/af/core_sys/css/cms_block/list/list05.css]
[gochiusa.com/af/core_sys/css/cms_block/list/list06.css]
[gochiusa.com/af/core_sys/css/cms_block/list/list07.css]
[gochiusa.com/af/core_sys/css/cms_block/list/list_wdt.css]
[gochiusa.com/af/core_sys/images/main/wallpaper/background.png]
[gochiusa.com/af/core_sys/css/dez_pt/contents/003/base_area.css]
[gochiusa.com/af/core_sys/css/dez_pt/contents/003/sub_area.css]
[gochiusa.com/af/core_sys/css/usa/usa_019.css]
[gochiusa.com/af/core_sys/css/usa/usa_018.css]
