[gochiusa.com/af/index.html]
[backblue.gif]
[fade.gif]
[index.html]
[gochiusa.com/af/core_sys/images/sys/manifest.json]
[gochiusa.com/af/core_sys/images/others/favicon/favicon.ico]
[gochiusa.com/af/core_sys/images/others/favicon/apple-touch-icon-180x180.png]
[gochiusa.com/af/core_sys/images/others/favicon/android-chrome-192x192.png]
[cdn.jsdelivr.net/npm/yakuhanjp@3.3.1/dist/css/yakuhanjp_s.min.css]
[gochiusa.com/af/core_sys/images/others/css/sanitize.css]
[gochiusa.com/af/core_sys/images/others/css/magnific-popup-edited.css]
[gochiusa.com/af/core_sys/js/common.js]
[gochiusa.com/af/core_sys/images/others/css/coreblo_reset.css]
[gochiusa.com/af/core_sys/images/others/css/utility.css]
[ajax.googleapis.com/ajax/libs/jquery/3.6.0/jquery.min.js]
[gochiusa.com/af/core_sys/images/others/js/gochiusa_af2022c81e.js]
[gochiusa.com/af/core_sys/images/others/js/jquery.cookie.js]
[gochiusa.com/af/core_sys/images/others/bgm/af2022.mp3]
[gochiusa.com/af/core_sys/images/main/start/door7_sp.png]
[gochiusa.com/af/core_sys/images/main/house/bird_ending.png]
[gochiusa.com/af/core_sys/images/main/house/bird_sp.png]
[gochiusa.com/af/index.html]
[cdn.jsdelivr.net/npm/yakuhanjp@3.3.1/dist/css/yakuhanjp_s.min.css]
[gochiusa.com/af/core_sys/images/others/css/sanitize.css]
[gochiusa.com/af/core_sys/images/others/css/magnific-popup-edited.css]
[gochiusa.com/af/core_sys/css/common/common.css]
[gochiusa.com/af/core_sys/css/common/float_fix.css]
[gochiusa.com/af/core_sys/css/user/user.css]
[gochiusa.com/af/core_sys/css/import/top/001/set.css]
[gochiusa.com/af/core_sys/css/import/top/001/dez_pt.css]
[gochiusa.com/af/core_sys/css/import/top/001/unit.css]
[gochiusa.com/af/core_sys/css/fsc/fss.css]
[gochiusa.com/af/core_sys/css/fsc/fsm.css]
[gochiusa.com/af/core_sys/css/fsc/fsl.css]
[gochiusa.com/af/core_sys/js/common.js]
[gochiusa.com/af/core_sys/js/user.js]
[gochiusa.com/af/core_sys/images/others/css/coreblo_reset.css]
[gochiusa.com/af/core_sys/images/others/css/utility.css]
[gochiusa.com/af/core_sys/images/others/js/jquery.cookie.js]
[gochiusa.com/af/core_sys/images/others/voice/index.html]
[gochiusa.com/af/core_sys/css/common/common.css]
[gochiusa.com/af/core_sys/css/common/font.css]
[gochiusa.com/af/core_sys/css/common/float_fix.css]
[gochiusa.com/af/core_sys/css/user/user.css]
[gochiusa.com/af/core_sys/css/usa/usa_002.css]
[gochiusa.com/af/core_sys/css/import/common/style_parts.css]
[gochiusa.com/af/core_sys/css/dez_pt/top/001/base_area.css]
[gochiusa.com/af/core_sys/css/dez_pt/top/001/sub_area.css]
[gochiusa.com/af/core_sys/css/dez_pt/common/1c.css]
[gochiusa.com/af/core_sys/css/style_parts/style_parts.css]
[gochiusa.com/af/core_sys/images/others/font/GenJyuuGothicX-Medium.woff2]
[gochiusa.com/af/core_sys/images/others/font/GenJyuuGothicX-Medium.woff]
[gochiusa.com/af/core_sys/images/main/loading/bg.jpg]
[gochiusa.com/af/core_sys/images/main/home/dialogue/top.png]
[gochiusa.com/af/core_sys/images/main/home/dialogue/bottom.png]
[gochiusa.com/af/core_sys/images/main/home/dialogue/body.png]
[gochiusa.com/af/core_sys/images/main/home/dialogue/rev/top_left.png]
[gochiusa.com/af/core_sys/images/main/home/dialogue/rev/top_right.png]
[gochiusa.com/af/core_sys/images/main/home/dialogue/rev/bottom_left.png]
[gochiusa.com/af/core_sys/images/main/home/dialogue/rev/bottom_right.png]
[gochiusa.com/af/core_sys/images/main/home/dialogue/rev/left.png]
[gochiusa.com/af/core_sys/images/main/home/dialogue/rev/right.png]
[gochiusa.com/af/core_sys/images/main/home/dialogue/top_left.png]
[gochiusa.com/af/core_sys/images/main/home/dialogue/top_right.png]
[gochiusa.com/af/core_sys/images/main/home/dialogue/bottom_left.png]
[gochiusa.com/af/core_sys/images/main/home/dialogue/bottom_right.png]
[gochiusa.com/af/core_sys/images/main/home/dialogue/left.png]
[gochiusa.com/af/core_sys/images/main/home/dialogue/right.png]
[gochiusa.com/af/core_sys/images/main/game/kv_circle.png]
[gochiusa.com/af/core_sys/images/main/game/circle.png]
[gochiusa.com/af/core_sys/images/main/game/kv_circle_on.png]
[gochiusa.com/af/core_sys/images/main/game/natsume.png]
[gochiusa.com/af/core_sys/images/main/game/elu.png]
[gochiusa.com/af/core_sys/images/main/clear/natsume.png]
[gochiusa.com/af/core_sys/images/main/clear/elu.png]
[gochiusa.com/af/core_sys/images/main/clear/saki.png]
[gochiusa.com/af/core_sys/images/main/comics/next.png]
[gochiusa.com/af/core_sys/css/usa/usa_002.css]
[gochiusa.com/af/core_sys/images/style_parts/bg/common/dot1_bk.gif]
[gochiusa.com/af/core_sys/images/style_parts/bg/common/dot1_gl01.gif]
[gochiusa.com/af/core_sys/images/style_parts/bg/common/dot1_gl02.gif]
[gochiusa.com/af/core_sys/images/style_parts/bg/common/dot1_wh.gif]
[gochiusa.com/af/core_sys/images/style_parts/bg/common/dot2_bk.gif]
[gochiusa.com/af/core_sys/images/style_parts/bg/common/dot2_gl01.gif]
[gochiusa.com/af/core_sys/images/style_parts/bg/common/dot2_gl02.gif]
[gochiusa.com/af/core_sys/images/style_parts/bg/common/dot2_wh.gif]
[gochiusa.com/af/core_sys/images/style_parts/bg/common/r10_wh.gif]
[gochiusa.com/af/core_sys/images/style_parts/bg/common/r5_wh.gif]
[gochiusa.com/af/core_sys/images/style_parts/ico/arrow/ar01_gl01.gif]
[gochiusa.com/af/core_sys/images/style_parts/ico/arrow/ar01_gl02.gif]
[gochiusa.com/af/core_sys/images/style_parts/ico/arrow/ar01_bk.gif]
[gochiusa.com/af/core_sys/images/style_parts/ico/arrow/ar01_or01.gif]
[gochiusa.com/af/core_sys/images/style_parts/ico/arrow/ar01_or02.gif]
[gochiusa.com/af/core_sys/images/style_parts/ico/arrow/ar01_re01.gif]
[gochiusa.com/af/core_sys/images/style_parts/ico/arrow/ar01_pp01.gif]
[gochiusa.com/af/core_sys/images/style_parts/ico/arrow/ar01_bl01.gif]
[gochiusa.com/af/core_sys/images/style_parts/ico/arrow/ar01_bl02.gif]
[gochiusa.com/af/core_sys/images/style_parts/ico/arrow/ar01_gr01.gif]
[gochiusa.com/af/core_sys/images/style_parts/ico/arrow/ar01_gr02.gif]
[gochiusa.com/af/core_sys/images/style_parts/ico/arrow/ar01_kh01.gif]
[gochiusa.com/af/core_sys/images/style_parts/ico/arrow/ar01_en01.gif]
[gochiusa.com/af/core_sys/images/style_parts/ico/arrow/ar01_bg01.gif]
[gochiusa.com/af/core_sys/images/style_parts/ico/arrow/ar01_bg02.gif]
[gochiusa.com/af/core_sys/images/style_parts/ico/arrow/ar01_sm01.gif]
[gochiusa.com/af/core_sys/images/style_parts/ico/arrow/ar02_gl01.gif]
[gochiusa.com/af/core_sys/images/style_parts/ico/arrow/ar02_gl02.gif]
[gochiusa.com/af/core_sys/images/style_parts/ico/arrow/ar02_bk.gif]
[gochiusa.com/af/core_sys/images/style_parts/ico/arrow/ar02_or01.gif]
[gochiusa.com/af/core_sys/images/style_parts/ico/arrow/ar02_or02.gif]
[gochiusa.com/af/core_sys/images/style_parts/ico/arrow/ar02_re01.gif]
[gochiusa.com/af/core_sys/images/style_parts/ico/arrow/ar02_pp01.gif]
[gochiusa.com/af/core_sys/images/style_parts/ico/arrow/ar02_bl01.gif]
[gochiusa.com/af/core_sys/images/style_parts/ico/arrow/ar02_bl02.gif]
[gochiusa.com/af/core_sys/images/style_parts/ico/arrow/ar02_gr01.gif]
[gochiusa.com/af/core_sys/images/style_parts/ico/arrow/ar02_gr02.gif]
[gochiusa.com/af/core_sys/images/style_parts/ico/arrow/ar02_kh01.gif]
[gochiusa.com/af/core_sys/images/style_parts/ico/arrow/ar02_en01.gif]
[gochiusa.com/af/core_sys/images/style_parts/ico/arrow/ar02_bg01.gif]
[gochiusa.com/af/core_sys/images/style_parts/ico/arrow/ar02_bg02.gif]
[gochiusa.com/af/core_sys/images/style_parts/ico/arrow/ar02_sm01.gif]
[gochiusa.com/af/core_sys/images/style_parts/bg/ti/grd01_bk.gif]
[gochiusa.com/af/core_sys/images/style_parts/bg/ti/grd01_gl.gif]
[gochiusa.com/af/core_sys/images/style_parts/bg/ti/grd01_bl.gif]
[gochiusa.com/af/core_sys/images/style_parts/bg/ti/grd01_gr.gif]
[gochiusa.com/af/core_sys/images/style_parts/bg/ti/grd01_or.gif]
[gochiusa.com/af/core_sys/images/style_parts/bg/ti/grd01_kh.gif]
[gochiusa.com/af/core_sys/images/style_parts/bg/ti/grd01_bg.gif]
[gochiusa.com/af/core_sys/images/style_parts/bg/ti/grd02_bk.gif]
[gochiusa.com/af/core_sys/images/style_parts/bg/ti/grd02_gl.gif]
[gochiusa.com/af/core_sys/images/style_parts/bg/ti/grd02_bl.gif]
[gochiusa.com/af/core_sys/images/style_parts/bg/ti/grd02_gr.gif]
[gochiusa.com/af/core_sys/images/style_parts/bg/ti/grd02_or.gif]
[gochiusa.com/af/core_sys/images/style_parts/bg/ti/grd02_kh.gif]
[gochiusa.com/af/core_sys/images/style_parts/bg/ti/grd02_bg.gif]
[gochiusa.com/af/core_sys/images/style_parts/bg/ti/grd03_gl.gif]
[gochiusa.com/af/core_sys/images/style_parts/bg/ti/grd03_bl.gif]
[gochiusa.com/af/core_sys/images/style_parts/bg/ti/grd03_gr.gif]
[gochiusa.com/af/core_sys/images/style_parts/bg/ti/grd03_or.gif]
[gochiusa.com/af/core_sys/images/style_parts/bg/ti/grd03_kh.gif]
[gochiusa.com/af/core_sys/images/style_parts/bg/ti/grd03_bg.gif]
[gochiusa.com/af/core_sys/images/style_parts/bg/ti/grd04_gl.gif]
[gochiusa.com/af/core_sys/images/style_parts/bg/ti/grd04_bl.gif]
[gochiusa.com/af/core_sys/images/style_parts/bg/ti/grd04_gr.gif]
[gochiusa.com/af/core_sys/images/style_parts/bg/ti/grd04_or.gif]
[gochiusa.com/af/core_sys/images/style_parts/bg/ti/grd04_kh.gif]
[gochiusa.com/af/core_sys/css/style_parts/style_parts.css]
[gochiusa.com/af/core_sys/images/style_parts/bg/ti/grd04_bg.gif]
